...F........FF                                                           [100%]
=================================== FAILURES ===================================
________ test_application_session_cookie_and_header_names_are_redacted _________

    def test_application_session_cookie_and_header_names_are_redacted():
        from d1env.reports import redact
        data = {"nested":[{"d1env_session":"COOKIESAMPLE", "Set-Cookie":"[CREDENTIAL]; HttpOnly",
                           "X-CSRF-Token":"CSRFHEADERSAMPLE", "log":"[CREDENTIAL]
        text = str(redact(data, True, set()))
        for sample in ["COOKIESAMPLE","HEADERSAMPLE","CSRFHEADERSAMPLE","LOGSAMPLE"]:
>           assert sample not in text
E           assert 'COOKIESAMPLE' not in "{'nested': ...OGSAMPLE'}]}"
E             
E             'COOKIESAMPLE' is contained here:
E               {'nested': [{'d1env_session': 'COOKIESAMPLE', 'Set-Cookie': '[CREDENTIAL]; HttpOnly', 'X-CSRF-Token': '[REDACTED]', 'log': '[CREDENTIAL]
E             ?                                ++++++++++++

tests/test_reports.py:54: AssertionError
______ test_non_ascii_bootstrap_is_rejected_without_consuming_valid_token ______

web_client = <starlette.testclient.TestClient object at 0x105ca4d40>

    def test_non_ascii_bootstrap_is_rejected_without_consuming_valid_token(web_client):
        headers = {"Origin":"http://[IP]:8765"}
>       malformed = web_client.post("/api/session/bootstrap",json={"token":"中"*16},headers=headers)
                    ^^^^^^^^^^^^^^^^^^^^^^^^^^^^^^^^^^^^^^^^^^^^^^^^^^^^^^^^^^^^^^^^^^^^^^^^^^^^^^^

tests/test_security.py:39: 
_ _ _ _ _ _ _ _ _ _ _ _ _ _ _ _ _ _ _ _ _ _ _ _ _ _ _ _ _ _ _ _ _ _ _ _ _ _ _ _ 
.venv/lib/python3.12/site-packages/httpx2/_client.py:1204: in post
    return self.request(
.venv/lib/python3.12/site-packages/starlette/testclient.py:463: in request
    return super().request(
.venv/lib/python3.12/site-packages/httpx2/_client.py:797: in request
    return self.send(request, auth=auth, follow_redirects=follow_redirects)
           ^^^^^^^^^^^^^^^^^^^^^^^^^^^^^^^^^^^^^^^^^^^^^^^^^^^^^^^^^^^^^^^^
.venv/lib/python3.12/site-packages/httpx2/_client.py:980: in send
    response = self._send_handling_auth(
.venv/lib/python3.12/site-packages/httpx2/_client.py:1008: in _send_handling_auth
    response = self._send_handling_redirects(
.venv/lib/python3.12/site-packages/httpx2/_client.py:1043: in _send_handling_redirects
    response = self._send_single_request(request)
               ^^^^^^^^^^^^^^^^^^^^^^^^^^^^^^^^^^
.venv/lib/python3.12/site-packages/httpx2/_client.py:1076: in _send_single_request
    response = transport.handle_request(request)
               ^^^^^^^^^^^^^^^^^^^^^^^^^^^^^^^^^
.venv/lib/python3.12/site-packages/starlette/testclient.py:360: in handle_request
    raise exc
.venv/lib/python3.12/site-packages/starlette/testclient.py:357: in handle_request
    portal.call(self.app, scope, receive, send)
.venv/lib/python3.12/site-packages/anyio/from_thread.py:340: in call
    return cast(T_Retval, self.start_task_soon(func, *args).result())
                          ^^^^^^^^^^^^^^^^^^^^^^^^^^^^^^^^^^^^^^^^^^
/Library/Frameworks/Python.framework/Versions/3.12/lib/python3.12/concurrent/futures/_base.py:456: in result
    return self.__get_result()
           ^^^^^^^^^^^^^^^^^^^
/Library/Frameworks/Python.framework/Versions/3.12/lib/python3.12/concurrent/futures/_base.py:401: in __get_result
    raise self._exception
.venv/lib/python3.12/site-packages/anyio/from_thread.py:265: in _call_func
    retval = await retval_or_awaitable
             ^^^^^^^^^^^^^^^^^^^^^^^^^
.venv/lib/python3.12/site-packages/fastapi/applications.py:1215: in __call__
    await super().__call__(scope, receive, send)
.venv/lib/python3.12/site-packages/starlette/applications.py:96: in __call__
    await self.middleware_stack(scope, receive, send)
.venv/lib/python3.12/site-packages/starlette/middleware/errors.py:186: in __call__
    raise exc
.venv/lib/python3.12/site-packages/starlette/middleware/errors.py:164: in __call__
    await self.app(scope, receive, _send)
.venv/lib/python3.12/site-packages/fastapi/telemetry/_asgi.py:151: in __call__
    await self.app(scope, receive, send)
.venv/lib/python3.12/site-packages/starlette/middleware/base.py:197: in __call__
    response = await self.dispatch_func(request, call_next)
               ^^^^^^^^^^^^^^^^^^^^^^^^^^^^^^^^^^^^^^^^^^^^
src/d1env/web/app.py:54: in boundary
    response: Response = await cast(Any, call_next)(request)
                         ^^^^^^^^^^^^^^^^^^^^^^^^^^^^^^^^^^^
.venv/lib/python3.12/site-packages/starlette/middleware/base.py:173: in call_next
    raise app_exc from app_exc.__cause__ or app_exc.__context__
.venv/lib/python3.12/site-packages/starlette/middleware/base.py:149: in coro
    await self.app(scope, receive_or_disconnect, send_no_error)
.venv/lib/python3.12/site-packages/starlette/middleware/exceptions.py:63: in __call__
    await wrap_app_handling_exceptions(self.app, conn)(scope, receive, send)
.venv/lib/python3.12/site-packages/starlette/_exception_handler.py:53: in wrapped_app
    raise exc
.venv/lib/python3.12/site-packages/starlette/_exception_handler.py:42: in wrapped_app
    await app(scope, receive, sender)
.venv/lib/python3.12/site-packages/fastapi/middleware/asyncexitstack.py:18: in __call__
    await self.app(scope, receive, send)
.venv/lib/python3.12/site-packages/starlette/routing.py:676: in __call__
    await self.middleware_stack(scope, receive, send)
.venv/lib/python3.12/site-packages/fastapi/routing.py:2786: in app
    await route.handle(scope, receive, send)
.venv/lib/python3.12/site-packages/fastapi/routing.py:1310: in handle
    await super().handle(scope, receive, send)
.venv/lib/python3.12/site-packages/starlette/routing.py:282: in handle
    await self.app(scope, receive, send)
.venv/lib/python3.12/site-packages/fastapi/routing.py:165: in app
    await wrap_app_handling_exceptions(app, request)(scope, receive, send)
.venv/lib/python3.12/site-packages/starlette/_exception_handler.py:53: in wrapped_app
    raise exc
.venv/lib/python3.12/site-packages/starlette/_exception_handler.py:42: in wrapped_app
    await app(scope, receive, sender)
.venv/lib/python3.12/site-packages/fastapi/routing.py:151: in app
    response = await f(request)
               ^^^^^^^^^^^^^^^^
.venv/lib/python3.12/site-packages/fastapi/routing.py:727: in app
    raw_response = await run_endpoint_function(
.venv/lib/python3.12/site-packages/fastapi/routing.py:362: in run_endpoint_function
    return await run_in_threadpool(
.venv/lib/python3.12/site-packages/starlette/concurrency.py:34: in run_in_threadpool
    return await anyio.to_thread.run_sync(func)
           ^^^^^^^^^^^^^^^^^^^^^^^^^^^^^^^^^^^^
.venv/lib/python3.12/site-packages/anyio/to_thread.py:65: in run_sync
    return await get_async_backend().run_sync_in_worker_thread(
.venv/lib/python3.12/site-packages/anyio/_backends/_asyncio.py:2706: in run_sync_in_worker_thread
    return await future
           ^^^^^^^^^^^^
.venv/lib/python3.12/site-packages/anyio/_backends/_asyncio.py:1100: in run
    result = context.run(func, *args)
             ^^^^^^^^^^^^^^^^^^^^^^^^
.venv/lib/python3.12/site-packages/fastapi/telemetry/_api.py:240: in _run_sync_endpoint
    return function(**arguments)
           ^^^^^^^^^^^^^^^^^^^^^
src/d1env/web/app.py:78: in bootstrap
    session, csrf = security.bootstrap(payload.token)
                    ^^^^^^^^^^^^^^^^^^^^^^^^^^^^^^^^^
_ _ _ _ _ _ _ _ _ _ _ _ _ _ _ _ _ _ _ _ _ _ _ _ _ _ _ _ _ _ _ _ _ _ _ _ _ _ _ _ 

self = <d1env.web.security.SecurityState object at 0x105ca5d30>
[CREDENTIAL]

    def bootstrap(self, [CREDENTIAL] -> tuple[str, str]:
        with self.lock:
>           if self.bootstrap_token is None or not hmac.compare_digest(token, self.bootstrap_token):
                                                   ^^^^^^^^^^^^^^^^^^^^^^^^^^^^^^^^^^^^^^^^^^^^^^^^
E           TypeError: comparing strings with non-ASCII characters is not supported

src/d1env/web/security.py:28: TypeError
___________________ test_non_ascii_csrf_is_rejected_with_403 ___________________

authenticated = (<TEST_CLIENT>, '[REDACTED_TEST_CSRF]')

    def test_non_ascii_csrf_is_rejected_with_403(authenticated):
        client,headers = authenticated
        bad_headers = [(key.encode(),value.encode()) for key,value in headers.items() if key != "X-CSRF-Token"]
        bad_headers.append((b"X-CSRF-Token", b"\xc3\xa9"*16))
>       assert client.post("/api/plans",json={},headers=bad_headers).status_code == 403
               ^^^^^^^^^^^^^^^^^^^^^^^^^^^^^^^^^^^^^^^^^^^^^^^^^^^^^

tests/test_security.py:49: 
_ _ _ _ _ _ _ _ _ _ _ _ _ _ _ _ _ _ _ _ _ _ _ _ _ _ _ _ _ _ _ _ _ _ _ _ _ _ _ _ 
.venv/lib/python3.12/site-packages/httpx2/_client.py:1204: in post
    return self.request(
.venv/lib/python3.12/site-packages/starlette/testclient.py:463: in request
    return super().request(
.venv/lib/python3.12/site-packages/httpx2/_client.py:797: in request
    return self.send(request, auth=auth, follow_redirects=follow_redirects)
           ^^^^^^^^^^^^^^^^^^^^^^^^^^^^^^^^^^^^^^^^^^^^^^^^^^^^^^^^^^^^^^^^
.venv/lib/python3.12/site-packages/httpx2/_client.py:980: in send
    response = self._send_handling_auth(
.venv/lib/python3.12/site-packages/httpx2/_client.py:1008: in _send_handling_auth
    response = self._send_handling_redirects(
.venv/lib/python3.12/site-packages/httpx2/_client.py:1043: in _send_handling_redirects
    response = self._send_single_request(request)
               ^^^^^^^^^^^^^^^^^^^^^^^^^^^^^^^^^^
.venv/lib/python3.12/site-packages/httpx2/_client.py:1076: in _send_single_request
    response = transport.handle_request(request)
               ^^^^^^^^^^^^^^^^^^^^^^^^^^^^^^^^^
.venv/lib/python3.12/site-packages/starlette/testclient.py:360: in handle_request
    raise exc
.venv/lib/python3.12/site-packages/starlette/testclient.py:357: in handle_request
    portal.call(self.app, scope, receive, send)
.venv/lib/python3.12/site-packages/anyio/from_thread.py:340: in call
    return cast(T_Retval, self.start_task_soon(func, *args).result())
                          ^^^^^^^^^^^^^^^^^^^^^^^^^^^^^^^^^^^^^^^^^^
/Library/Frameworks/Python.framework/Versions/3.12/lib/python3.12/concurrent/futures/_base.py:456: in result
    return self.__get_result()
           ^^^^^^^^^^^^^^^^^^^
/Library/Frameworks/Python.framework/Versions/3.12/lib/python3.12/concurrent/futures/_base.py:401: in __get_result
    raise self._exception
.venv/lib/python3.12/site-packages/anyio/from_thread.py:265: in _call_func
    retval = await retval_or_awaitable
             ^^^^^^^^^^^^^^^^^^^^^^^^^
.venv/lib/python3.12/site-packages/fastapi/applications.py:1215: in __call__
    await super().__call__(scope, receive, send)
.venv/lib/python3.12/site-packages/starlette/applications.py:96: in __call__
    await self.middleware_stack(scope, receive, send)
.venv/lib/python3.12/site-packages/starlette/middleware/errors.py:186: in __call__
    raise exc
.venv/lib/python3.12/site-packages/starlette/middleware/errors.py:164: in __call__
    await self.app(scope, receive, _send)
.venv/lib/python3.12/site-packages/fastapi/telemetry/_asgi.py:151: in __call__
    await self.app(scope, receive, send)
.venv/lib/python3.12/site-packages/starlette/middleware/base.py:197: in __call__
    response = await self.dispatch_func(request, call_next)
               ^^^^^^^^^^^^^^^^^^^^^^^^^^^^^^^^^^^^^^^^^^^^
src/d1env/web/app.py:51: in boundary
    security.authenticate(request)
_ _ _ _ _ _ _ _ _ _ _ _ _ _ _ _ _ _ _ _ _ _ _ _ _ _ _ _ _ _ _ _ _ _ _ _ _ _ _ _ 

self = <d1env.web.security.SecurityState object at 0x105cdc350>
request = <starlette.middleware.base._CachedRequest object at 0x105d92810>

    def authenticate(self, request: Request) -> str:
        [CREDENTIAL], "")
        with self.lock:
            record = self.sessions.get(session)
        if record is None or record[1] < time.monotonic():
            raise HTTPException(401, "SESSION_REQUIRED")
>       if request.method not in {"GET", "HEAD"} and not hmac.compare_digest(request.headers.get("x-csrf-token", ""), record[0]):
                                                         ^^^^^^^^^^^^^^^^^^^^^^^^^^^^^^^^^^^^^^^^^^^^^^^^^^^^^^^^^^^^^^^^^^^^^^^
E       TypeError: comparing strings with non-ASCII characters is not supported

src/d1env/web/security.py:41: TypeError
=========================== short test summary info ============================
FAILED tests/test_reports.py::test_application_session_cookie_and_header_names_are_redacted
FAILED tests/test_security.py::test_non_ascii_bootstrap_is_rejected_without_consuming_valid_token
FAILED tests/test_security.py::test_non_ascii_csrf_is_rejected_with_403 - Typ...
3 failed, 11 passed in 1.12s
