
> d1env-frontend@0.1.0 test
> vitest --run


 RUN  v5.0.3 [LOCAL_PATH]

 ❯ tests/unit/App.test.tsx (10 tests | 1 failed) 2007ms
   ❯ 中文向导与证据边界 (10)
     × 切换演示场景后丢弃迟到的旧计划，执行与当前预览场景一致 1125ms

⎯⎯⎯⎯⎯⎯⎯ Failed Tests 1 ⎯⎯⎯⎯⎯⎯⎯

 FAIL  tests/unit/App.test.tsx > 中文向导与证据边界 > 切换演示场景后丢弃迟到的旧计划，执行与当前预览场景一致
AssertionError: expected [ { path: '/api/plans', …(1) } ] to have a length of 2 but got 1

Ignored nodes: comments, script, style
[36m<html>[39m
  [36m<head />[39m
  [36m<body>[39m
    [36m<div>[39m
      [36m<div[39m
        [33mclass[39m=[32m"app-shell"[39m
      [36m>[39m
        [36m<header[39m
          [33mclass[39m=[32m"app-header"[39m
        [36m>[39m
          [36m<a[39m
            [33maria-label[39m=[32m"D1Env 首页"[39m
            [33mclass[39m=[32m"brand"[39m
            [33mhref[39m=[32m"/"[39m
          [36m>[39m
            [36m<span[39m
              [33maria-hidden[39m=[32m"true"[39m
              [33mclass[39m=[32m"brand-mark"[39m
            [36m>[39m
              [0mD1[0m
            [36m</span>[39m
            [36m<span>[39m
              [0mD1Env[0m
              [36m<small>[39m
                [0m机器人环境工作台[0m
              [36m</small>[39m
            [36m</span>[39m
          [36m</a>[39m
          [36m<div[39m
            [33mclass[39m=[32m"header-right"[39m
          [36m>[39m
            [36m<span[39m
              [33mclass[39m=[32m"local-label"[39m
            [36m>[39m
              [36m<i />[39m
              [0m 本地工作台[0m
            [36m</span>[39m
            [36m<span[39m
              [33mclass[39m=[32m"release-tag"[39m
            [36m>[39m
              [0mM0–M2 · 软件演示[0m
            [36m</span>[39m
          [36m</div>[39m
        [36m</header>[39m
        [36m<div[39m
          [33mclass[39m=[32m"mock-banner"[39m
          [33mdata-testid[39m=[32m"mock-watermark"[39m
        [36m>[39m
          [36m<span>[39m
            [0mMOCK · 演示模式[0m
          [36m</span>[39m
          [36m<p>[39m
            [0m当前为软件演示，无真实容器部署，未连接机器人。[0m
          [36m</p>[39m
          [36m<strong>[39m
            [0m运动权限：未启用[0m
          [36m</strong>[39m
        [36m</div>[39m
        [36m<div[39m
          [33mclass[39m=[32m"workspace-title"[39m
        [36m>[39m
          [36m<div>[39m
            [36m<span[39m
              [33mclass[39m=[32m"eyebrow"[39m
            [36m>[39m
              [0mD1 ENVIRONMENT / FOUNDATION[0m
            [36m</span>[39m
            [36m<h2>[39m
              [0m把每一步，部署得明白。[0m
            [36m</h2>[39m
          [36m</div>[39m
          [36m<span[39m
            [33mclass[39m=[32m"workspace-version"[39m
          [36m>[39m
            [0m中文向导 [0m
            [36m<b>[39m
              [0m01[0m
            [36m</b>[39m
          [36m</span>[39m
        [36m</div>[39m
        [36m<nav[39m
          [33maria-label[39m=[32m"部署向导步骤"[39m
          [33mclass[39m=[32m"wizard-steps"[39m
        [36m>[39m
          [36m<button[39m
            [33maria-label[39m=[32m"1 使用方式"[39m
            [33mtype[39m=[32m"button"[39m
          [36m>[39m
            [36m<span[39m
              [33mclass[39m=[32m"step-number"[39m
            [36m>[39m
              [0m01[0m
            [36m</span>[39m
            [36m<span>[39m
              [0m使用方式[0m
            [36m</span>[39m
          [36m</button>[39m
          [36m<button[39m
            [33maria-label[39m=[32m"2 机器人配置"[39m
            [33mtype[39m=[32m"button"[39m
          [36m>[39m
            [36m<span[39m
              [33mclass[39m=[32m"step-number"[39m
            [36m>[39m
              [0m02[0m
            [36m</span>[39m
            [36m<span>[39m
              [0m机器人配置[0m
            [36m</span>[39m
          [36m</button>[39m
          [36m<button[39m
            [33maria-label[39m=[32m"3 执行电脑"[39m
            [33mtype[39m=[32m"button"[39m
          [36m>[39m
            [36m<span[39m
              [33mclass[39m=[32m"step-number"[39m
            [36m>[39m
              [0m03[0m
            [36m</span>[39m
            [36m<span>[39m
              [0m执行电脑[0m
            [36m</span>[39m
          [36m</button>[39m
          [36m<button[39m
            [33maria-current[39m=[32m"step"[39m
            [33maria-label[39m=[32m"4 部署预览"[39m
            [33mtype[39m=[32m"button"[39m
          [36m>[39m
            [36m<span[39m
              [33mclass[39m=[32m"step-number"[39m
            [36m>[39m
              [0m04[0m
            [36m</span>[39m
            [36m<span>[39m
              [0m部署预览[0m
            [36m</span>[39m
          [36m</button>[39m
          [36m<button[39m
            [33maria-label[39m=[32m"5 运行与结果"[39m
            [33mtype[39m=[32m"button"[39m
          [36m>[39m
            [36m<span[39m
              [33mclass[39m=[32m"step-number"[39m
            [36m>[39m
              [0m05[0m
            [36m</span>[39m
            [36m<span>[39m
              [0m运行与结果[0m
            [36m</span>[39m
          [36m</button>[39m
        [36m</nav>[39m
        [36m<div[39m
          [33mclass[39m=[32m"workspace-grid"[39m
        [36m>[39m
          [36m<main[39m
            [33mclass[39m=[32m"main-panel"[39m
          [36m>[39m
            [36m<div[39m
              [33mclass[39m=[32m"page-heading"[39m
            [36m>[39m
              [36m<span[39m
                [33mclass[39m=[32m"eyebrow"[39m
              [36m>[39m
                [0m04 / 审阅[0m
              [36m</span>[39m
              [36m<h1>[39m
                [0m看清楚，再开始。[0m
              [36m</h1>[39m
              [36m<p>[39m
                [0m以下内容由服务端解析。演示只写本项目的作业数据，不启动真实容器。[0m
              [36m</p>[39m
            [36m</div>[39m
            [36m<div[39m
              [33mclass[39m=[32m"notice warning"[39m
            [36m>[39m
              [0m故障注入测试 · 验证步骤失败[0m
            [36m</div>[39m
            [36m<div[39m
              [33mclass[39m=[32m"preview-heading"[39m
            [36m>[39m
              [36m<div>[39m
                [36m<span[39m
                  [33mclass[39m=[32m"tag mock-tag"[39m
                [36m>[39m
                  [0mMOCK / 软件演示[0m
                [36m</span>[39m
                [36m<h2>[39m
                  [0m演示任务计划[0m
                [36m</h2>[39m
              [36m</div>[39m
              [36m<div>[39m
                [36m<small>[39m
                  [0m预计下载量[0m
                [36m</small>[39m
                [36m<strong>[39m
                  [0m未知[0m
                [36m</strong>[39m
              [36m</div>[39m
            [36m</div>[39m
            [36m<ol[39m
              [33mclass[39m=[32m"operation-list"[39m
            [36m>[39m
              [36m<li>[39m
                [36m<span>[39m
                  [0m01[0m
                [36m</span>[39m
                [36m<div>[39m
                  [36m<strong>[39m
                    [0m演示验证[0m
                  [36m</strong>[39m
                  [36m<small>[39m
                    [0mmock_step[0m
                    [0m · [0m
                    [0m可撤销本次演示资源[0m
                  [36m</small>[39m
                [36m</div>[39m
                [36m<span[39m
                  [33mclass[39m=[32m"tag neutral-tag"[39m
                [36m>[39m
                  [0mMOCK[0m
                [36m</span>[39m
              [36m</li>[39m
            [36m</ol>[39m
            [36m<div[39m
              [33mclass[39m=[32m"impact-grid"[39m
            [36m>[39m
              [36m<section>[39m
                [36m<h3>[39m
                  [0m写入目录[0m
                [36m</h3>[39m
                [36m<p>[39m
                  [0m项目内的 MOCK 作业目录[0m
                [36m</p>[39m
              [36m</section>[39m
              [36m<section>[39m
                [36m<h3>[39m
                  [0m演示服务[0m
                [36m</h3>[39m
                [36m<p>[39m
                  [0mMOCK 演示 worker[0m
                [36m</p>[39m
              [36m</section>[39m
              [36m<section>[39m
                [36m<h3>[39m
                  [0m所需权限[0m
                [36m</h3>[39m
                [36m<p>[39m
                  [0m仅写项目任务数据库与 MOCK 资源[0m
                [36m</p>[39m
              [36m</section>[39m
              [36m<section>[39m
                [36m<h3>[39m
                  [0m网络改动[0m
                [36m</h3>[39m
                [36m<p>[39m
                  [0m无 · 不修改网卡或机器人网络[0m
                [36m</p>[39m
              [36m</section>[39m
            [36m</div>[39m
            [36m<details[39m
              [33mclass[39m=[32m"plan-details"[39m
            [36m>[39m
              [36m<summary>[39m
                [0m核对计划标识与证据范围[0m
              [36m</summary>[39m
              [36m<dl>[39m
                [36m<dt>[39m
                  [0m计划 ID[0m
                [36m</dt>[39m
                [36m<dd[39m
                  [33mclass[39m=[32m"mono"[39m
                [36m>[39m
                  [0maaaaaaaaaaaaaaaaaaaaaaaaaaaaaaaaaaaaaaaaaaaaaaaaaaaaaaaaaaaaaaaa[0m
                [36m</dd>[39m
                [36m<dt>[39m
                  [0m配置版本[0m
                [36m</dt>[39m
                [36m<dd>[39m
                  [0mfoundation-1[0m
                [36m</dd>[39m
                [36m<dt>[39m
                  [0m验证范围[0m
                [36m</dt>[39m
                [36m<dd>[39m
                  [0mmock[0m
                [36m</dd>[39m
                [36m<dt>[39m
                  [0m配置摘要[0m
                [36m</dt>[39m
                [36m<dd[39m
                  [33mclass[39m=[32m"mono"[39m
                [36m>[39m
                  [0mbbbbbbbbbbbbbbbbbbbbbbbbbbbbbbbbbbbbbbbbbbbbbbbbbbbbbbbbbbbbbbbb[0m
                [36m</dd>[39m
              [36m</dl>[39m
            [36m</details>[39m
            [36m<div[39m
              [33mclass[39m=[32m"page-actions"[39m
            [36m>[39m
              [36m<span>[39m
                [0m重复点击复用同一作业。失败后可显式重试。[0m
              [36m</span>[39m
              [36m<button[39m
                [33mclass[39m=[32m"primary"[39m
                [33mtype[39m=[32m"button"[39m
              [36m>[39m
                [0m开始 MOCK 演示 [0m
                [36m<span[39m
                  [33maria-hidden[39m=[32m"true"[39m
                [36m>[39m
                  [0m→[0m
                [36m</span>[39m
              [36m</button>[39m
            [36m</div>[39m
          [36m</main>[39m
          [36m<aside[39m
            [33maria-label[39m=[32m"状态与证据"[39m
            [33mclass[39m=[32m"evidence-panel"[39m
          [36m>[39m
            [36m<div[39m
              [33mclass[39m=[32m"aside-heading"[39m
            [36m>[39m
              [36m<span[39m
                [33mclass[39m=[32m"eyebrow"[39m
              [36m>[39m
                [0mSTATUS & EVIDENCE[0m
              [36m</span>[39m
              [36m<h2>[39m
                [0m每一步，都有依据[0m
              [36m</h2>[39m
            [36m</div>[39m
            [36m<div[39m
              [33mclass[39m=[32m"scope-card"[39m
            [36m>[39m
              [36m<span[39m
                [33mclass[39m=[32m"tag mock-tag"[39m
              [36m>[39m
                [0mMOCK[0m
              [36m</span>[39m
              [36m<p>[39m
                [0m当前验证范围[0m
              [36m</p>[39m
              [36m<strong[39m
                [33mdata-testid[39m=[32m"verified-scope"[39m
              [36m>[39m
                [0mmock[0m
              [36m</strong>[39m
              [36m<small>[39m
                [0m软件演示结果不代表 Docker 或真机验证。[0m
              [36m</small>[39m
            [36m</div>[39m
            [36m<section[39m
              [33mclass[39m=[32m"evidence-section"[39m
            [36m>[39m
              [36m<div[39m
                [33mclass[39m=[32m"section-row"[39m
              [36m>[39m
                [36m<h3>[39m
                  [0m真机遥测[0m
                [36m</h3>[39m
                [36m<span[39m
                  [33mclass[39m=[32m"tag unknown-tag"[39m
                  [33mdata-testid[39m=[32m"telemetry-state"[39m
                [36m>[39m
                  [0mUNKNOWN[0m
                [36m</span>[39m
              [36m</div>[39m
              [36m<div[39m
                [33mclass[39m=[32m"telemetry-grid"[39m
              [36m>[39m
                [36m<div>[39m
                  [36m<span>[39m
                    [0m电量[0m
                  [36m</span>[39m
                  [36m<strong[39m
                    [33mdata-testid[39m=[32m"battery-value"[39m
                  [36m>[39m
                    [0m未知 [0m
                    [36m<small>[39m
                      [0mnull[0m
                    [36m</small>[39m
                  [36m</strong>[39m
                [36m</div>[39m
                [36m<div>[39m
                  [36m<span>[39m
                    [0m姿态[0m
                  [36m</span>[39m
                  [36m<strong[39m
                    [33mdata-testid[39m=[32m"pose-value"[39m
                  [36m>[39m
                    [0m未知 [0m
                    [36m<small>[39m
                      [0mnull[0m
                    [36m</small>[39m
                  [36m</strong>[39m
                [36m</div>[39m
              [36m</div>[39m
              [36m<p[39m
                [33mclass[39m=[32m"muted"[39m
              [36m>[39m
                [0m未连接机器人。缺失观测保持 null，不判断为正常。[0m
              [36m</p>[39m
              [36m<button[39m
                [33mclass[39m=[32m"motion-disabled"[39m
                [33mdisabled[39m=[32m""[39m
                [33mtype[39m=[32m"button"[39m
              [36m>[39m
                [0m运动控制未启用[0m
              [36m</button>[39m
            [36m</section>[39m
            [36m<section[39m
              [33mclass[39m=[32m"evidence-section"[39m
            [36m>[39m
              [36m<div[39m
                [33mclass[39m=[32m"section-row"[39m
              [36m>[39m
                [36m<h3>[39m
                  [0m电脑检测[0m
                [36m</h3>[39m
                [36m<span[39m
                  [33mclass[39m=[32m"tag neutral-tag"[39m
                [36m>[39m
                  [0m真实只读[0m
                [36m</span>[39m
              [36m</div>[39m
              [36m<p[39m
                [33mclass[39m=[32m"muted"[39m
              [36m>[39m
                [0m来源：local_probe · 后端本机观测[0m
              [36m</p>[39m
              [36m<ul[39m
                [33mclass[39m=[32m"evidence-checks"[39m
              [36m>[39m
                [36m<li>[39m
                  [36m<span[39m
                    [33mclass[39m=[32m"tiny-status status-warn"[39m
                  [36m>[39m
                    [0mWARN[0m
                  [36m</span>[39m
                  [36m<span>[39m
                    [0m未找到 Docker；MOCK 不需要 Docker[0m
                  [36m</span>[39m
                [36m</li>[39m
              [36m</ul>[39m
            [36m</section>[39m
            [36m<div[39m
              [33mclass[39m=[32m"boundary-note"[39m
            [36m>[39m
              [36m<span[39m
                [33maria-hidden[39m=[32m"true"[39m
              [36m>[39m
                [0m↳[0m
              [36m</span>[39m
              [36m<p>[39m
                [0m本轮只到 M2[0m
                [36m<br />[39m
                [36m<small>[39m
                  [0m无 SDK、无容器操作、无运动指令[0m
                [36m</small>[39m
              [36m</p>[39m
            [36m</div>[39m
          [36m</aside>[39m
        [36m</div>[39m
        [36m<footer[39m
          [33mclass[39m=[32m"app-footer"[39m
        [36m>[39m
          [36m<span>[39m
            [0mD1Env / Foundation[0m
          [36m</span>[39m
          [36m<span>[39m
            [0m依据可查 · 范围明确 · 默认只读[0m
          [36m</span>[39m
          [36m<span>[39m
            [0mMOCK ≠ 真机验证[0m
          [36m</span>[39m
        [36m</footer>[39m
      [36m</div>[39m
    [36m</div>[39m
  [36m</body>[39m
[36m</html>[39m

- Expected
+ Received

- 2
+ 1

 ❯ tests/unit/App.test.tsx:160:84
    158|     await user.click(screen.getByRole('button', { name: '4 部署预览' }));
    159|     resolveOld(new Response(JSON.stringify({ plan, blockers: [] }), { …
    160|     await waitFor(() => expect(calls.filter((call) => call.path === '/…
       |                                                                                    ^
    161|     const latest = calls.filter((call) => call.path === '/api/plans').…
    162|     expect(JSON.parse(String(latest?.init?.body)).demo_scenario).toBe(…
 ❯ runWithExpensiveErrorDiagnosticsDisabled node_modules/@testing-library/dom/dist/config.js:47:12
 ❯ checkCallback node_modules/@testing-library/dom/dist/wait-for.js:124:77
 ❯ Timeout.checkRealTimersCallback node_modules/@testing-library/dom/dist/wait-for.js:118:16

⎯⎯⎯⎯⎯⎯⎯⎯⎯⎯⎯⎯⎯⎯⎯⎯⎯⎯⎯⎯⎯⎯⎯⎯[1/1]⎯


 Test Files  1 failed (1)
      Tests  1 failed | 9 passed (10)
   Start at  14:54:47
   Duration  2.75s (tests 76%, environment 13%, transform 4%, setup 4%, import 2%)

