
> d1env-frontend@0.1.0 test
> vitest --run


 RUN  v5.0.3 [LOCAL_PATH]

 ❯ tests/unit/App.test.tsx (9 tests | 1 failed) 996ms
   ❯ 中文向导与证据边界 (9)
     × 取消仅提交当前作业的取消请求，终态停止显示取消按钮 115ms

⎯⎯⎯⎯⎯⎯⎯ Failed Tests 1 ⎯⎯⎯⎯⎯⎯⎯

 FAIL  tests/unit/App.test.tsx > 中文向导与证据边界 > 取消仅提交当前作业的取消请求，终态停止显示取消按钮
Error: expect(element).toHaveTextContent()

Expected element to have text content:
  CANCELLED
Received:
  PREFLIGHT
 ❯ tests/unit/App.test.tsx:127:52
    125|     jobResponse = { ...job, state: 'CANCELLED' };
    126|     await user.click(cancel);
    127|     expect(await screen.findByTestId('job-state')).toHaveTextContent('…
       |                                                    ^
    128|     expect(screen.queryByRole('button', { name: '取消本次演示' })).not.toBeI…
    129|     expect(calls.filter((call) => call.path === '/api/jobs/job-1/cance…

⎯⎯⎯⎯⎯⎯⎯⎯⎯⎯⎯⎯⎯⎯⎯⎯⎯⎯⎯⎯⎯⎯⎯⎯[1/1]⎯


 Test Files  1 failed (1)
      Tests  1 failed | 8 passed (9)
   Start at  14:53:35
   Duration  1.84s (tests 58%, environment 25%, setup 7%, transform 7%, import 3%)

