
==================================== ERRORS ====================================
_____________________ ERROR collecting tests/test_jobs.py ______________________
ImportError while importing test module '[LOCAL_PATH]'.
Hint: make sure your test modules/packages have valid Python names.
Traceback:
/Library/Frameworks/Python.framework/Versions/3.12/lib/python3.12/importlib/__init__.py:90: in import_module
    return _bootstrap._gcd_import(name[level:], package, level)
           ^^^^^^^^^^^^^^^^^^^^^^^^^^^^^^^^^^^^^^^^^^^^^^^^^^^^
tests/test_jobs.py:9: in <module>
    from d1env.jobs.engine import InvalidPlan, JobEngine
E   ModuleNotFoundError: No module named 'd1env.jobs'
___________________ ERROR collecting tests/test_recovery.py ____________________
ImportError while importing test module '[LOCAL_PATH]'.
Hint: make sure your test modules/packages have valid Python names.
Traceback:
/Library/Frameworks/Python.framework/Versions/3.12/lib/python3.12/importlib/__init__.py:90: in import_module
    return _bootstrap._gcd_import(name[level:], package, level)
           ^^^^^^^^^^^^^^^^^^^^^^^^^^^^^^^^^^^^^^^^^^^^^^^^^^^^
tests/test_recovery.py:6: in <module>
    from d1env.jobs.engine import JobEngine
E   ModuleNotFoundError: No module named 'd1env.jobs'
=========================== short test summary info ============================
ERROR tests/test_jobs.py
ERROR tests/test_recovery.py
!!!!!!!!!!!!!!!!!!! Interrupted: 2 errors during collection !!!!!!!!!!!!!!!!!!!!
2 errors in 0.08s
