FF                                                                       [100%]
=================================== FAILURES ===================================
_ test_one_cancel_request_completes_when_worker_just_entered_user_wait[license] _

self = <d1env.setup.manager.SetupManager object at 0x1056a9bb0>

    def _acquire(self) -> _Lease:
        self._directory_check()
        try:
>           return _Lease(self.lease_path)
                   ^^^^^^^^^^^^^^^^^^^^^^^

src/d1env/setup/manager.py:128: 
_ _ _ _ _ _ _ _ _ _ _ _ _ _ _ _ _ _ _ _ _ _ _ _ _ _ _ _ _ _ _ _ _ _ _ _ _ _ _ _ 

self = <d1env.setup.manager._Lease object at 0x1056aa7e0>
path = PosixPath('<REDACTED_TEMP_DIR>')

    def __init__(self, path: Path):
        validate_private_file(path, missing_ok=True)
        self.fd = os.open(path, os.O_CREAT | os.O_RDWR | os.O_NOFOLLOW, 0o600)
        try:
            validate_descriptor(self.fd)
>           fcntl.flock(self.fd, fcntl.LOCK_EX | fcntl.LOCK_NB)
E           BlockingIOError: [Errno 35] Resource temporarily unavailable

src/d1env/setup/manager.py:60: BlockingIOError

The above exception was the direct cause of the following exception:

tmp_path = PosixPath('<REDACTED_TEMP_DIR>')
monkeypatch = <_pytest.monkeypatch.MonkeyPatch object at 0x105683fe0>
stage = 'license'

    @pytest.mark.parametrize('stage', ['license', 'native_setup'])
    def test_one_cancel_request_completes_when_worker_just_entered_user_wait(tmp_path, monkeypatch, stage):
        host = missing_host()
        if stage == 'native_setup':
            host.update(docker_available=True, docker_error='unknown')
        manager, *_ = manager_at(tmp_path, host=host)
        updated = threading.Event()
        release = threading.Event()
        original = manager._update
        def held(*args, **kwargs):
            value = original(*args, **kwargs)
            if args[1:3] == ('WAITING_USER', stage):
                updated.set()
                assert release.wait(3)
            return value
        monkeypatch.setattr(manager, '_update', held)
        task = manager.prepare('cancel-race-' + stage)
        assert updated.wait(3)
        try:
>           accepted = manager.cancel(task['task_id'])
                       ^^^^^^^^^^^^^^^^^^^^^^^^^^^^^^^

tests/test_setup_cancel_races.py:26: 
_ _ _ _ _ _ _ _ _ _ _ _ _ _ _ _ _ _ _ _ _ _ _ _ _ _ _ _ _ _ _ _ _ _ _ _ _ _ _ _ 
src/d1env/setup/manager.py:351: in cancel
    lease = self._acquire()
            ^^^^^^^^^^^^^^^
_ _ _ _ _ _ _ _ _ _ _ _ _ _ _ _ _ _ _ _ _ _ _ _ _ _ _ _ _ _ _ _ _ _ _ _ _ _ _ _ 

self = <d1env.setup.manager.SetupManager object at 0x1056a9bb0>

    def _acquire(self) -> _Lease:
        self._directory_check()
        try:
            return _Lease(self.lease_path)
        except BlockingIOError as exc:
>           raise SetupError("SETUP_BUSY", "本机已有运行环境准备任务", "等待当前任务完成，或返回当前任务取消") from exc
E           d1env.setup.models.SetupError: SETUP_BUSY: 本机已有运行环境准备任务

src/d1env/setup/manager.py:130: SetupError
_ test_one_cancel_request_completes_when_worker_just_entered_user_wait[native_setup] _

self = <d1env.setup.manager.SetupManager object at 0x1056aad20>

    def _acquire(self) -> _Lease:
        self._directory_check()
        try:
>           return _Lease(self.lease_path)
                   ^^^^^^^^^^^^^^^^^^^^^^^

src/d1env/setup/manager.py:128: 
_ _ _ _ _ _ _ _ _ _ _ _ _ _ _ _ _ _ _ _ _ _ _ _ _ _ _ _ _ _ _ _ _ _ _ _ _ _ _ _ 

self = <d1env.setup.manager._Lease object at 0x1056ab9b0>
path = PosixPath('<REDACTED_TEMP_DIR>')

    def __init__(self, path: Path):
        validate_private_file(path, missing_ok=True)
        self.fd = os.open(path, os.O_CREAT | os.O_RDWR | os.O_NOFOLLOW, 0o600)
        try:
            validate_descriptor(self.fd)
>           fcntl.flock(self.fd, fcntl.LOCK_EX | fcntl.LOCK_NB)
E           BlockingIOError: [Errno 35] Resource temporarily unavailable

src/d1env/setup/manager.py:60: BlockingIOError

The above exception was the direct cause of the following exception:

tmp_path = PosixPath('<REDACTED_TEMP_DIR>')
monkeypatch = <_pytest.monkeypatch.MonkeyPatch object at 0x1056aac00>
stage = 'native_setup'

    @pytest.mark.parametrize('stage', ['license', 'native_setup'])
    def test_one_cancel_request_completes_when_worker_just_entered_user_wait(tmp_path, monkeypatch, stage):
        host = missing_host()
        if stage == 'native_setup':
            host.update(docker_available=True, docker_error='unknown')
        manager, *_ = manager_at(tmp_path, host=host)
        updated = threading.Event()
        release = threading.Event()
        original = manager._update
        def held(*args, **kwargs):
            value = original(*args, **kwargs)
            if args[1:3] == ('WAITING_USER', stage):
                updated.set()
                assert release.wait(3)
            return value
        monkeypatch.setattr(manager, '_update', held)
        task = manager.prepare('cancel-race-' + stage)
        assert updated.wait(3)
        try:
>           accepted = manager.cancel(task['task_id'])
                       ^^^^^^^^^^^^^^^^^^^^^^^^^^^^^^^

tests/test_setup_cancel_races.py:26: 
_ _ _ _ _ _ _ _ _ _ _ _ _ _ _ _ _ _ _ _ _ _ _ _ _ _ _ _ _ _ _ _ _ _ _ _ _ _ _ _ 
src/d1env/setup/manager.py:351: in cancel
    lease = self._acquire()
            ^^^^^^^^^^^^^^^
_ _ _ _ _ _ _ _ _ _ _ _ _ _ _ _ _ _ _ _ _ _ _ _ _ _ _ _ _ _ _ _ _ _ _ _ _ _ _ _ 

self = <d1env.setup.manager.SetupManager object at 0x1056aad20>

    def _acquire(self) -> _Lease:
        self._directory_check()
        try:
            return _Lease(self.lease_path)
        except BlockingIOError as exc:
>           raise SetupError("SETUP_BUSY", "本机已有运行环境准备任务", "等待当前任务完成，或返回当前任务取消") from exc
E           d1env.setup.models.SetupError: SETUP_BUSY: 本机已有运行环境准备任务

src/d1env/setup/manager.py:130: SetupError
=========================== short test summary info ============================
FAILED tests/test_setup_cancel_races.py::test_one_cancel_request_completes_when_worker_just_entered_user_wait[license]
FAILED tests/test_setup_cancel_races.py::test_one_cancel_request_completes_when_worker_just_entered_user_wait[native_setup]
2 failed in 0.12s
