<?xml version="1.0" encoding="UTF-8"?>
<!DOCTYPE plist PUBLIC "-//Apple//DTD PLIST 1.0//EN" "http://www.apple.com/DTDs/PropertyList-1.0.dtd">
<plist version="1.0">
<dict>
	<key>system-entities</key>
	<array>
		<dict>
			<key>content-hint</key>
			<string>Apple_HFS</string>
			<key>dev-entry</key>
			<string>/dev/disk5s2</string>
			<key>mount-point</key>
			<string><workspace>/work/setup-downloads/mounted-docker-4.80.0</string>
			<key>potentially-mountable</key>
			<true/>
			<key>unmapped-content-hint</key>
			<string>48465300-0000-11AA-AA11-00306543ECAC</string>
			<key>volume-kind</key>
			<string>hfs</string>
		</dict>
		<dict>
			<key>content-hint</key>
			<string>EFI</string>
			<key>dev-entry</key>
			<string>/dev/disk5s1</string>
			<key>potentially-mountable</key>
			<true/>
			<key>unmapped-content-hint</key>
			<string>C12A7328-F81F-11D2-BA4B-00A0C93EC93B</string>
			<key>volume-kind</key>
			<string>msdos</string>
		</dict>
		<dict>
			<key>content-hint</key>
			<string>GUID_partition_scheme</string>
			<key>dev-entry</key>
			<string>/dev/disk5</string>
			<key>potentially-mountable</key>
			<false/>
			<key>unmapped-content-hint</key>
			<string>GUID_partition_scheme</string>
		</dict>
	</array>
</dict>
</plist>
