--prepared:<workspace>/work/setup-downloads/mounted-docker-4.80.0/Docker.app/Contents/Library/LoginItems/DockerHelper.app
--validated:<workspace>/work/setup-downloads/mounted-docker-4.80.0/Docker.app/Contents/Library/LoginItems/DockerHelper.app
--prepared:<workspace>/work/setup-downloads/mounted-docker-4.80.0/Docker.app/Contents/MacOS/com.docker.build
--validated:<workspace>/work/setup-downloads/mounted-docker-4.80.0/Docker.app/Contents/MacOS/com.docker.build
--prepared:<workspace>/work/setup-downloads/mounted-docker-4.80.0/Docker.app/Contents/MacOS/com.docker.diagnose
--validated:<workspace>/work/setup-downloads/mounted-docker-4.80.0/Docker.app/Contents/MacOS/com.docker.diagnose
--prepared:<workspace>/work/setup-downloads/mounted-docker-4.80.0/Docker.app/Contents/MacOS/com.docker.krun
--validated:<workspace>/work/setup-downloads/mounted-docker-4.80.0/Docker.app/Contents/MacOS/com.docker.krun
--prepared:<workspace>/work/setup-downloads/mounted-docker-4.80.0/Docker.app/Contents/MacOS/com.docker.sailor
--validated:<workspace>/work/setup-downloads/mounted-docker-4.80.0/Docker.app/Contents/MacOS/com.docker.sailor
--prepared:<workspace>/work/setup-downloads/mounted-docker-4.80.0/Docker.app/Contents/MacOS/com.docker.socket
--validated:<workspace>/work/setup-downloads/mounted-docker-4.80.0/Docker.app/Contents/MacOS/com.docker.socket
--prepared:<workspace>/work/setup-downloads/mounted-docker-4.80.0/Docker.app/Contents/MacOS/com.docker.virtualization
--validated:<workspace>/work/setup-downloads/mounted-docker-4.80.0/Docker.app/Contents/MacOS/com.docker.virtualization
--prepared:<workspace>/work/setup-downloads/mounted-docker-4.80.0/Docker.app/Contents/MacOS/Docker Desktop.app
--prepared:<workspace>/work/setup-downloads/mounted-docker-4.80.0/Docker.app/Contents/MacOS/Docker Desktop.app/Contents/Frameworks/Docker Desktop Helper (GPU).app
--validated:<workspace>/work/setup-downloads/mounted-docker-4.80.0/Docker.app/Contents/MacOS/Docker Desktop.app/Contents/Frameworks/Docker Desktop Helper (GPU).app
--prepared:<workspace>/work/setup-downloads/mounted-docker-4.80.0/Docker.app/Contents/MacOS/Docker Desktop.app/Contents/Frameworks/Docker Desktop Helper (Plugin).app
--validated:<workspace>/work/setup-downloads/mounted-docker-4.80.0/Docker.app/Contents/MacOS/Docker Desktop.app/Contents/Frameworks/Docker Desktop Helper (Plugin).app
--prepared:<workspace>/work/setup-downloads/mounted-docker-4.80.0/Docker.app/Contents/MacOS/Docker Desktop.app/Contents/Frameworks/Docker Desktop Helper (Renderer).app
--validated:<workspace>/work/setup-downloads/mounted-docker-4.80.0/Docker.app/Contents/MacOS/Docker Desktop.app/Contents/Frameworks/Docker Desktop Helper (Renderer).app
--prepared:<workspace>/work/setup-downloads/mounted-docker-4.80.0/Docker.app/Contents/MacOS/Docker Desktop.app/Contents/Frameworks/Docker Desktop Helper.app
--validated:<workspace>/work/setup-downloads/mounted-docker-4.80.0/Docker.app/Contents/MacOS/Docker Desktop.app/Contents/Frameworks/Docker Desktop Helper.app
--prepared:<workspace>/work/setup-downloads/mounted-docker-4.80.0/Docker.app/Contents/MacOS/Docker Desktop.app/Contents/Frameworks/Electron Framework.framework/Versions/Current/.
--prepared:<workspace>/work/setup-downloads/mounted-docker-4.80.0/Docker.app/Contents/MacOS/Docker Desktop.app/Contents/Frameworks/Electron Framework.framework/Versions/Current/Helpers/chrome_crashpad_handler
--validated:<workspace>/work/setup-downloads/mounted-docker-4.80.0/Docker.app/Contents/MacOS/Docker Desktop.app/Contents/Frameworks/Electron Framework.framework/Versions/Current/Helpers/chrome_crashpad_handler
--validated:<workspace>/work/setup-downloads/mounted-docker-4.80.0/Docker.app/Contents/MacOS/Docker Desktop.app/Contents/Frameworks/Electron Framework.framework/Versions/Current/.
--prepared:<workspace>/work/setup-downloads/mounted-docker-4.80.0/Docker.app/Contents/MacOS/Docker Desktop.app/Contents/Frameworks/Mantle.framework/Versions/Current/.
--validated:<workspace>/work/setup-downloads/mounted-docker-4.80.0/Docker.app/Contents/MacOS/Docker Desktop.app/Contents/Frameworks/Mantle.framework/Versions/Current/.
--prepared:<workspace>/work/setup-downloads/mounted-docker-4.80.0/Docker.app/Contents/MacOS/Docker Desktop.app/Contents/Frameworks/ReactiveObjC.framework/Versions/Current/.
--validated:<workspace>/work/setup-downloads/mounted-docker-4.80.0/Docker.app/Contents/MacOS/Docker Desktop.app/Contents/Frameworks/ReactiveObjC.framework/Versions/Current/.
--prepared:<workspace>/work/setup-downloads/mounted-docker-4.80.0/Docker.app/Contents/MacOS/Docker Desktop.app/Contents/Frameworks/Squirrel.framework/Versions/Current/.
--validated:<workspace>/work/setup-downloads/mounted-docker-4.80.0/Docker.app/Contents/MacOS/Docker Desktop.app/Contents/Frameworks/Squirrel.framework/Versions/Current/.
--validated:<workspace>/work/setup-downloads/mounted-docker-4.80.0/Docker.app/Contents/MacOS/Docker Desktop.app
--prepared:<workspace>/work/setup-downloads/mounted-docker-4.80.0/Docker.app/Contents/MacOS/install
--validated:<workspace>/work/setup-downloads/mounted-docker-4.80.0/Docker.app/Contents/MacOS/install
--prepared:<workspace>/work/setup-downloads/mounted-docker-4.80.0/Docker.app/Contents/MacOS/qemu-img
--validated:<workspace>/work/setup-downloads/mounted-docker-4.80.0/Docker.app/Contents/MacOS/qemu-img
--prepared:<workspace>/work/setup-downloads/mounted-docker-4.80.0/Docker.app/Contents/MacOS/uninstall
--validated:<workspace>/work/setup-downloads/mounted-docker-4.80.0/Docker.app/Contents/MacOS/uninstall
<workspace>/work/setup-downloads/mounted-docker-4.80.0/Docker.app: valid on disk
<workspace>/work/setup-downloads/mounted-docker-4.80.0/Docker.app: satisfies its Designated Requirement
<workspace>/work/setup-downloads/mounted-docker-4.80.0/Docker.app: explicit requirement satisfied
