B018 Found useless expression. Either assign it to a variable or remove it.
  --> src/d1env/web/app.py:55:9
   |
53 |         service.engine.reconcile_on_startup()
54 |         # Initialize/recover private setup state at startup; later GETs stay read-only.
55 |         service.runtime_setup
   |         ^^^^^^^^^^^^^^^^^^^^^
56 |         yield
   |

I001 [*] Import block is un-sorted or un-formatted
  --> tests/test_runtime_api.py:90:5
   |
88 |   @pytest.mark.parametrize('mutation', ['wrong_id', 'wrong_arch', 'wrong_source', 'timeout', 'malformed'])
89 |   def test_service_image_observation_never_reports_unverified_image_ready(service, monkeypatch, mutation):
90 | /     import json
91 | |     from d1env.docker.client import DockerCommand
   | |_________________________________________________^
92 |       metadata = service.ros_image_metadata()['trusted_bundle']
93 |       item = {'Id': metadata['image_id'], 'Architecture': 'arm64',
   |
help: Organize imports
   |
90 |     import json
91 +
92 |     from d1env.docker.client import DockerCommand
   |

Found 2 errors.
[*] 1 fixable with the `--fix` option.
