F...F                                                                    [100%]
=================================== FAILURES ===================================
_____ test_standalone_cli_waits_until_mock_worker_finishes_before_exiting ______
tests/test_cli_process.py:23: in test_standalone_cli_waits_until_mock_worker_finishes_before_exiting
    assert final["state"] == "SUCCEEDED"
E   AssertionError: assert 'PLANNED' == 'SUCCEEDED'
E     
E     - SUCCEEDED
E     + PLANNED
__________ test_event_read_does_not_compete_with_current_health_probe __________
tests/test_software_api.py:67: in test_event_read_does_not_compete_with_current_health_probe
    response = client.get(f"/api/jobs/{job.job_id}/events")
work/venv310/lib/python3.10/site-packages/httpx2/_client.py:1113: in get
    return self.request(
work/venv310/lib/python3.10/site-packages/starlette/testclient.py:463: in request
    return super().request(
work/venv310/lib/python3.10/site-packages/httpx2/_client.py:797: in request
    return self.send(request, auth=auth, follow_redirects=follow_redirects)
work/venv310/lib/python3.10/site-packages/httpx2/_client.py:980: in send
    response = self._send_handling_auth(
work/venv310/lib/python3.10/site-packages/httpx2/_client.py:1008: in _send_handling_auth
    response = self._send_handling_redirects(
work/venv310/lib/python3.10/site-packages/httpx2/_client.py:1043: in _send_handling_redirects
    response = self._send_single_request(request)
work/venv310/lib/python3.10/site-packages/httpx2/_client.py:1076: in _send_single_request
    response = transport.handle_request(request)
work/venv310/lib/python3.10/site-packages/starlette/testclient.py:360: in handle_request
    raise exc
work/venv310/lib/python3.10/site-packages/starlette/testclient.py:357: in handle_request
    portal.call(self.app, scope, receive, send)
work/venv310/lib/python3.10/site-packages/anyio/from_thread.py:340: in call
    return cast(T_Retval, self.start_task_soon(func, *args).result())
work/python/cpython-3.10.20-macos-aarch64-none/lib/python3.10/concurrent/futures/_base.py:458: in result
    return self.__get_result()
work/python/cpython-3.10.20-macos-aarch64-none/lib/python3.10/concurrent/futures/_base.py:403: in __get_result
    raise self._exception
work/venv310/lib/python3.10/site-packages/anyio/from_thread.py:265: in _call_func
    retval = await retval_or_awaitable
work/venv310/lib/python3.10/site-packages/fastapi/applications.py:1215: in __call__
    await super().__call__(scope, receive, send)
work/venv310/lib/python3.10/site-packages/starlette/applications.py:96: in __call__
    await self.middleware_stack(scope, receive, send)
work/venv310/lib/python3.10/site-packages/starlette/middleware/errors.py:186: in __call__
    raise exc
work/venv310/lib/python3.10/site-packages/starlette/middleware/errors.py:164: in __call__
    await self.app(scope, receive, _send)
work/venv310/lib/python3.10/site-packages/fastapi/telemetry/_asgi.py:151: in __call__
    await self.app(scope, receive, send)
work/venv310/lib/python3.10/site-packages/starlette/middleware/base.py:197: in __call__
    response = await self.dispatch_func(request, call_next)
src/d1env/web/app.py:66: in boundary
    response: Response = await cast(Any, call_next)(request)
work/venv310/lib/python3.10/site-packages/starlette/middleware/base.py:173: in call_next
    raise app_exc from app_exc.__cause__ or app_exc.__context__
work/venv310/lib/python3.10/site-packages/starlette/middleware/base.py:149: in coro
    await self.app(scope, receive_or_disconnect, send_no_error)
work/venv310/lib/python3.10/site-packages/starlette/middleware/exceptions.py:63: in __call__
    await wrap_app_handling_exceptions(self.app, conn)(scope, receive, send)
work/venv310/lib/python3.10/site-packages/starlette/_exception_handler.py:53: in wrapped_app
    raise exc
work/venv310/lib/python3.10/site-packages/starlette/_exception_handler.py:42: in wrapped_app
    await app(scope, receive, sender)
work/venv310/lib/python3.10/site-packages/fastapi/middleware/asyncexitstack.py:18: in __call__
    await self.app(scope, receive, send)
work/venv310/lib/python3.10/site-packages/starlette/routing.py:676: in __call__
    await self.middleware_stack(scope, receive, send)
work/venv310/lib/python3.10/site-packages/fastapi/routing.py:2786: in app
    await route.handle(scope, receive, send)
work/venv310/lib/python3.10/site-packages/fastapi/routing.py:1310: in handle
    await super().handle(scope, receive, send)
work/venv310/lib/python3.10/site-packages/starlette/routing.py:282: in handle
    await self.app(scope, receive, send)
work/venv310/lib/python3.10/site-packages/fastapi/routing.py:165: in app
    await wrap_app_handling_exceptions(app, request)(scope, receive, send)
work/venv310/lib/python3.10/site-packages/starlette/_exception_handler.py:53: in wrapped_app
    raise exc
work/venv310/lib/python3.10/site-packages/starlette/_exception_handler.py:42: in wrapped_app
    await app(scope, receive, sender)
work/venv310/lib/python3.10/site-packages/fastapi/routing.py:151: in app
    response = await f(request)
work/venv310/lib/python3.10/site-packages/fastapi/routing.py:727: in app
    raw_response = await run_endpoint_function(
work/venv310/lib/python3.10/site-packages/fastapi/routing.py:362: in run_endpoint_function
    return await run_in_threadpool(
work/venv310/lib/python3.10/site-packages/starlette/concurrency.py:34: in run_in_threadpool
    return await anyio.to_thread.run_sync(func)
work/venv310/lib/python3.10/site-packages/anyio/to_thread.py:65: in run_sync
    return await get_async_backend().run_sync_in_worker_thread(
work/venv310/lib/python3.10/site-packages/anyio/_backends/_asyncio.py:2706: in run_sync_in_worker_thread
    return await future
work/venv310/lib/python3.10/site-packages/anyio/_backends/_asyncio.py:1100: in run
    result = context.run(func, *args)
work/venv310/lib/python3.10/site-packages/fastapi/telemetry/_api.py:240: in _run_sync_endpoint
    return function(**arguments)
src/d1env/web/app.py:134: in events
    service.engine.get(job_id)
tests/test_software_api.py:65: in refuse_health
    raise AssertionError("an event read must not inspect/lock Docker again")
E   AssertionError: an event read must not inspect/lock Docker again
=========================== short test summary info ============================
FAILED tests/test_cli_process.py::test_standalone_cli_waits_until_mock_worker_finishes_before_exiting
FAILED tests/test_software_api.py::test_event_read_does_not_compete_with_current_health_probe
2 failed, 3 passed in 3.30s
