FFFFFF.FF                                                                [100%]
=================================== FAILURES ===================================
_______ test_mac_deploys_only_software_probe_using_linux_docker_evidence _______

    def test_mac_deploys_only_software_probe_using_linux_docker_evidence():
>       result = resolve(request(), software_host(), software_catalog())

tests/test_software_plans.py:36: 
_ _ _ _ _ _ _ _ _ _ _ _ _ _ _ _ _ _ _ _ _ _ _ _ _ _ _ _ _ _ _ _ _ _ _ _ _ _ _ _ 

updates = {}

    def request(**updates):
>       return DeploymentRequest(**{"mode": "software_test", "profile_id": "ros-probe",
                                     "task": "ros_probe", **updates})
E       pydantic_core._pydantic_core.ValidationError: 2 validation errors for DeploymentRequest
E       mode
E         Input should be 'mock' or 'real_readonly' [type=literal_error, input_value='software_test', input_type=str]
E           For further information visit https://errors.pydantic.dev/2.13/v/literal_error
E       task
E         Input should be 'demo' or 'diagnostics' [type=literal_error, input_value='ros_probe', input_type=str]
E           For further information visit https://errors.pydantic.dev/2.13/v/literal_error

tests/test_software_plans.py:31: ValidationError
_ test_real_software_requires_actual_daemon_and_matching_artifact[updates0-DOCKER_UNAVAILABLE] _

updates = {'docker_accessible': False, 'docker_error': 'permission_denied'}
code = 'DOCKER_UNAVAILABLE'

    @pytest.mark.parametrize("updates,code", [
        ({"docker_accessible": False, "docker_error": "permission_denied"}, "DOCKER_UNAVAILABLE"),
        ({"compose_available": False}, "COMPOSE_UNAVAILABLE"),
        ({"docker_architecture": "x86_64"}, "ARTIFACT_ARCHITECTURE_MISMATCH"),
        ({"docker_os": None}, "DOCKER_PLATFORM_UNVERIFIED"),
    ])
    def test_real_software_requires_actual_daemon_and_matching_artifact(updates, code):
>       result = resolve(request(), software_host(**updates), software_catalog())

tests/test_software_plans.py:55: 
_ _ _ _ _ _ _ _ _ _ _ _ _ _ _ _ _ _ _ _ _ _ _ _ _ _ _ _ _ _ _ _ _ _ _ _ _ _ _ _ 

updates = {}

    def request(**updates):
>       return DeploymentRequest(**{"mode": "software_test", "profile_id": "ros-probe",
                                     "task": "ros_probe", **updates})
E       pydantic_core._pydantic_core.ValidationError: 2 validation errors for DeploymentRequest
E       mode
E         Input should be 'mock' or 'real_readonly' [type=literal_error, input_value='software_test', input_type=str]
E           For further information visit https://errors.pydantic.dev/2.13/v/literal_error
E       task
E         Input should be 'demo' or 'diagnostics' [type=literal_error, input_value='ros_probe', input_type=str]
E           For further information visit https://errors.pydantic.dev/2.13/v/literal_error

tests/test_software_plans.py:31: ValidationError
_ test_real_software_requires_actual_daemon_and_matching_artifact[updates1-COMPOSE_UNAVAILABLE] _

updates = {'compose_available': False}, code = 'COMPOSE_UNAVAILABLE'

    @pytest.mark.parametrize("updates,code", [
        ({"docker_accessible": False, "docker_error": "permission_denied"}, "DOCKER_UNAVAILABLE"),
        ({"compose_available": False}, "COMPOSE_UNAVAILABLE"),
        ({"docker_architecture": "x86_64"}, "ARTIFACT_ARCHITECTURE_MISMATCH"),
        ({"docker_os": None}, "DOCKER_PLATFORM_UNVERIFIED"),
    ])
    def test_real_software_requires_actual_daemon_and_matching_artifact(updates, code):
>       result = resolve(request(), software_host(**updates), software_catalog())

tests/test_software_plans.py:55: 
_ _ _ _ _ _ _ _ _ _ _ _ _ _ _ _ _ _ _ _ _ _ _ _ _ _ _ _ _ _ _ _ _ _ _ _ _ _ _ _ 

updates = {}

    def request(**updates):
>       return DeploymentRequest(**{"mode": "software_test", "profile_id": "ros-probe",
                                     "task": "ros_probe", **updates})
E       pydantic_core._pydantic_core.ValidationError: 2 validation errors for DeploymentRequest
E       mode
E         Input should be 'mock' or 'real_readonly' [type=literal_error, input_value='software_test', input_type=str]
E           For further information visit https://errors.pydantic.dev/2.13/v/literal_error
E       task
E         Input should be 'demo' or 'diagnostics' [type=literal_error, input_value='ros_probe', input_type=str]
E           For further information visit https://errors.pydantic.dev/2.13/v/literal_error

tests/test_software_plans.py:31: ValidationError
_ test_real_software_requires_actual_daemon_and_matching_artifact[updates2-ARTIFACT_ARCHITECTURE_MISMATCH] _

updates = {'docker_architecture': 'x86_64'}
code = 'ARTIFACT_ARCHITECTURE_MISMATCH'

    @pytest.mark.parametrize("updates,code", [
        ({"docker_accessible": False, "docker_error": "permission_denied"}, "DOCKER_UNAVAILABLE"),
        ({"compose_available": False}, "COMPOSE_UNAVAILABLE"),
        ({"docker_architecture": "x86_64"}, "ARTIFACT_ARCHITECTURE_MISMATCH"),
        ({"docker_os": None}, "DOCKER_PLATFORM_UNVERIFIED"),
    ])
    def test_real_software_requires_actual_daemon_and_matching_artifact(updates, code):
>       result = resolve(request(), software_host(**updates), software_catalog())

tests/test_software_plans.py:55: 
_ _ _ _ _ _ _ _ _ _ _ _ _ _ _ _ _ _ _ _ _ _ _ _ _ _ _ _ _ _ _ _ _ _ _ _ _ _ _ _ 

updates = {}

    def request(**updates):
>       return DeploymentRequest(**{"mode": "software_test", "profile_id": "ros-probe",
                                     "task": "ros_probe", **updates})
E       pydantic_core._pydantic_core.ValidationError: 2 validation errors for DeploymentRequest
E       mode
E         Input should be 'mock' or 'real_readonly' [type=literal_error, input_value='software_test', input_type=str]
E           For further information visit https://errors.pydantic.dev/2.13/v/literal_error
E       task
E         Input should be 'demo' or 'diagnostics' [type=literal_error, input_value='ros_probe', input_type=str]
E           For further information visit https://errors.pydantic.dev/2.13/v/literal_error

tests/test_software_plans.py:31: ValidationError
_ test_real_software_requires_actual_daemon_and_matching_artifact[updates3-DOCKER_PLATFORM_UNVERIFIED] _

updates = {'docker_os': None}, code = 'DOCKER_PLATFORM_UNVERIFIED'

    @pytest.mark.parametrize("updates,code", [
        ({"docker_accessible": False, "docker_error": "permission_denied"}, "DOCKER_UNAVAILABLE"),
        ({"compose_available": False}, "COMPOSE_UNAVAILABLE"),
        ({"docker_architecture": "x86_64"}, "ARTIFACT_ARCHITECTURE_MISMATCH"),
        ({"docker_os": None}, "DOCKER_PLATFORM_UNVERIFIED"),
    ])
    def test_real_software_requires_actual_daemon_and_matching_artifact(updates, code):
>       result = resolve(request(), software_host(**updates), software_catalog())

tests/test_software_plans.py:55: 
_ _ _ _ _ _ _ _ _ _ _ _ _ _ _ _ _ _ _ _ _ _ _ _ _ _ _ _ _ _ _ _ _ _ _ _ _ _ _ _ 

updates = {}

    def request(**updates):
>       return DeploymentRequest(**{"mode": "software_test", "profile_id": "ros-probe",
                                     "task": "ros_probe", **updates})
E       pydantic_core._pydantic_core.ValidationError: 2 validation errors for DeploymentRequest
E       mode
E         Input should be 'mock' or 'real_readonly' [type=literal_error, input_value='software_test', input_type=str]
E           For further information visit https://errors.pydantic.dev/2.13/v/literal_error
E       task
E         Input should be 'demo' or 'diagnostics' [type=literal_error, input_value='ros_probe', input_type=str]
E           For further information visit https://errors.pydantic.dev/2.13/v/literal_error

tests/test_software_plans.py:31: ValidationError
____________ test_no_build_is_a_blocker_and_never_uses_fake_digest _____________

    def test_no_build_is_a_blocker_and_never_uses_fake_digest():
>       result = resolve(request(), software_host(), software_catalog(artifact=False))

tests/test_software_plans.py:61: 
_ _ _ _ _ _ _ _ _ _ _ _ _ _ _ _ _ _ _ _ _ _ _ _ _ _ _ _ _ _ _ _ _ _ _ _ _ _ _ _ 

updates = {}

    def request(**updates):
>       return DeploymentRequest(**{"mode": "software_test", "profile_id": "ros-probe",
                                     "task": "ros_probe", **updates})
E       pydantic_core._pydantic_core.ValidationError: 2 validation errors for DeploymentRequest
E       mode
E         Input should be 'mock' or 'real_readonly' [type=literal_error, input_value='software_test', input_type=str]
E           For further information visit https://errors.pydantic.dev/2.13/v/literal_error
E       task
E         Input should be 'demo' or 'diagnostics' [type=literal_error, input_value='ros_probe', input_type=str]
E           For further information visit https://errors.pydantic.dev/2.13/v/literal_error

tests/test_software_plans.py:31: ValidationError
_____ test_plan_keeps_software_fault_injection_explicit_and_deterministic ______

    def test_plan_keeps_software_fault_injection_explicit_and_deterministic():
>       catalog = software_catalog()

tests/test_software_plans.py:75: 
_ _ _ _ _ _ _ _ _ _ _ _ _ _ _ _ _ _ _ _ _ _ _ _ _ _ _ _ _ _ _ _ _ _ _ _ _ _ _ _ 

artifact = True

    def software_catalog(artifact=True):
>       return Catalog(profiles=[Profile.model_validate({
            "profile_id": "ros-probe", "name": "ROS 软件通信测试（未接真机）",
            "kind": "software", "profile_revision": "m3-test-fixture",
            "vendor": None, "sdk_family": None, "variant": "cpu_ros_probe",
            "architectures": ["aarch64"], "runtime_requirements": {"gpu_required": False},
            "capabilities": {}, "network_requirements": ["none"],
            "artifact_requirements": [{"kind": "local_build", "source": "d1env/ros-probe",
                                       "architecture": "aarch64", "immutable_id": "sha256:" + "a" * 64}] if artifact else [],
        })])
E       pydantic_core._pydantic_core.ValidationError: 1 validation error for Profile
E       kind
E         Input should be 'mock' or 'hardware' [type=literal_error, input_value='software', input_type=str]
E           For further information visit https://errors.pydantic.dev/2.13/v/literal_error

tests/test_software_plans.py:11: ValidationError
________ test_mode_mismatch_and_arbitrary_execution_fields_are_rejected ________

    def test_mode_mismatch_and_arbitrary_execution_fields_are_rejected():
>       result = resolve(DeploymentRequest(profile_id="ros-probe"), software_host(), software_catalog())

tests/test_software_plans.py:86: 
_ _ _ _ _ _ _ _ _ _ _ _ _ _ _ _ _ _ _ _ _ _ _ _ _ _ _ _ _ _ _ _ _ _ _ _ _ _ _ _ 

updates = {}

    def software_host(**updates):
        fields = dict(os_name="Darwin", os_version="26", architecture="aarch64",
                      docker_available=True, docker_accessible=True, compose_available=True,
                      disk_free_bytes=10 * 1024**3, gpu_available=None, checked_at=utcnow(),
                      docker_os="linux", docker_architecture="aarch64", docker_version="29.6.1")
>       return HostFacts(**{**fields, **updates})
E       pydantic_core._pydantic_core.ValidationError: 3 validation errors for HostFacts
E       docker_os
E         Extra inputs are not permitted [type=extra_forbidden, input_value='linux', input_type=str]
E           For further information visit https://errors.pydantic.dev/2.13/v/extra_forbidden
E       docker_architecture
E         Extra inputs are not permitted [type=extra_forbidden, input_value='aarch64', input_type=str]
E           For further information visit https://errors.pydantic.dev/2.13/v/extra_forbidden
E       docker_version
E         Extra inputs are not permitted [type=extra_forbidden, input_value='29.6.1', input_type=str]
E           For further information visit https://errors.pydantic.dev/2.13/v/extra_forbidden

tests/test_software_plans.py:27: ValidationError
=========================== short test summary info ============================
FAILED tests/test_software_plans.py::test_mac_deploys_only_software_probe_using_linux_docker_evidence
FAILED tests/test_software_plans.py::test_real_software_requires_actual_daemon_and_matching_artifact[updates0-DOCKER_UNAVAILABLE]
FAILED tests/test_software_plans.py::test_real_software_requires_actual_daemon_and_matching_artifact[updates1-COMPOSE_UNAVAILABLE]
FAILED tests/test_software_plans.py::test_real_software_requires_actual_daemon_and_matching_artifact[updates2-ARTIFACT_ARCHITECTURE_MISMATCH]
FAILED tests/test_software_plans.py::test_real_software_requires_actual_daemon_and_matching_artifact[updates3-DOCKER_PLATFORM_UNVERIFIED]
FAILED tests/test_software_plans.py::test_no_build_is_a_blocker_and_never_uses_fake_digest
FAILED tests/test_software_plans.py::test_plan_keeps_software_fault_injection_explicit_and_deterministic
FAILED tests/test_software_plans.py::test_mode_mismatch_and_arbitrary_execution_fields_are_rejected
8 failed, 1 passed in 0.04s
