
Running 2 tests using 1 worker

(node:64098) Warning: The 'NO_COLOR' env is ignored due to the 'FORCE_COLOR' env being set.
(Use `node --trace-warnings ...` to show where the warning was created)
  ✘  1 tests/e2e/software.spec.ts:6:1 › 真实本地 Docker/ROS：software 范围、刷新、停止、故障注入与原计划重试 (12.5s)
(node:64394) Warning: The 'NO_COLOR' env is ignored due to the 'FORCE_COLOR' env being set.
(Use `node --trace-warnings ...` to show where the warning was created)
  ✘  2 tests/e2e/wizard.spec.ts:4:1 › 真实本地 API：MOCK 成功、重复点击、刷新、故障证据与报告导出 (1ms)


  1) tests/e2e/software.spec.ts:6:1 › 真实本地 Docker/ROS：software 范围、刷新、停止、故障注入与原计划重试 ─────────────────

    Error: expect(locator).toBeVisible() failed

    Locator: getByText('CURRENT_HEALTH_UNAVAILABLE')
    Expected: visible
    Error: strict mode violation: getByText('CURRENT_HEALTH_UNAVAILABLE') resolved to 2 elements:
        1) <strong>CURRENT_HEALTH_UNAVAILABLE</strong> aka getByText('CURRENT_HEALTH_UNAVAILABLE', { exact: true })
        2) <pre>{↵  "status": "UNKNOWN",↵  "code": "CURRENT_HEALT…</pre> aka getByText('{ "status": "UNKNOWN", "code')

    Call log:
      - Expect "toBeVisible" getByText('CURRENT_HEALTH_UNAVAILABLE') with timeout 10000ms
      - waiting for getByText('CURRENT_HEALTH_UNAVAILABLE')


      57 |   await page.route(healthPath, (route) => route.abort('failed'));
      58 |   await expect(page.getByRole('heading', { name: '部署曾完成，当前软件状态未知', exact: true })).toBeVisible({ timeout: 10000 });
    > 59 |   await expect(page.getByText('CURRENT_HEALTH_UNAVAILABLE')).toBeVisible();
         |                                                              ^
      60 |   await expect(page.getByText('新鲜度检查通过')).toHaveCount(0);
      61 |   await page.screenshot({ path: 'test-results/m3-ui-software-network-fault-injection.png', fullPage: true });
      62 |   await page.unroute(healthPath);
        at [LOCAL_PATH]

    Error Context: test-results/software-真实本地-Docker-ROS：software-范围、刷新、停止、故障注入与原计划重试/error-context.md

  2) tests/e2e/wizard.spec.ts:4:1 › 真实本地 API：MOCK 成功、重复点击、刷新、故障证据与报告导出 ─────────────────────────────

    Error: expect(locator).toBeEnabled() failed

    Locator: getByRole('button', { name: '下一步：机器人配置' })
    Expected: enabled
    Timeout: 10000ms
    Error: element(s) not found

    Call log:
      - Expect "toBeEnabled" getByRole('button', { name: '下一步：机器人配置' }) with timeout 10000ms
      - waiting for getByRole('button', { name: '下一步：机器人配置' })


       at fixtures.ts:20

      18 |     // The navigation URL contains no credential, including on test failure.
      19 |     await bootstrapPage.goto('/');
    > 20 |     await expect(bootstrapPage.getByRole('button', { name: '下一步：机器人配置' })).toBeEnabled();
         |                                                                            ^
      21 |     expect(new URL(bootstrapPage.url()).hash).toBe('');
      22 |     await bootstrapPage.close();
      23 |     await use(context);
        at Object.base.extend.authenticatedContext.scope ([LOCAL_PATH]

    Error Context: test-results/wizard-真实本地-API：MOCK-成功、重复点击、刷新、故障证据与报告导出/error-context.md

  2 failed
    tests/e2e/software.spec.ts:6:1 › 真实本地 Docker/ROS：software 范围、刷新、停止、故障注入与原计划重试 ──────────────────
    tests/e2e/wizard.spec.ts:4:1 › 真实本地 API：MOCK 成功、重复点击、刷新、故障证据与报告导出 ──────────────────────────────

EXIT_CODE=1
