
> d1env-frontend@0.1.0 test
> vitest --run


 RUN  v5.0.3 [LOCAL_PATH]

 ❯ tests/unit/SoftwareApp.test.tsx (7 tests | 1 failed) 1331ms
   ❯ M3 软件模式的真实范围与生命周期 (7)
     × 历史成功无法复核时显示当前 UNKNOWN 与 TARGET_BUSY，不沿用绿色通信成功 1010ms

⎯⎯⎯⎯⎯⎯⎯ Failed Tests 1 ⎯⎯⎯⎯⎯⎯⎯

 FAIL  tests/unit/SoftwareApp.test.tsx > M3 软件模式的真实范围与生命周期 > 历史成功无法复核时显示当前 UNKNOWN 与 TARGET_BUSY，不沿用绿色通信成功
TestingLibraryElementError: Unable to find role="heading" and name "部署曾完成，当前软件状态未知"

Ignored nodes: comments, script, style
[36m<body>[39m
  [36m<div>[39m
    [36m<div[39m
      [33mclass[39m=[32m"app-shell"[39m
    [36m>[39m
      [36m<header[39m
        [33mclass[39m=[32m"app-header"[39m
      [36m>[39m
        [36m<a[39m
          [33maria-label[39m=[32m"D1Env 首页"[39m
          [33mclass[39m=[32m"brand"[39m
          [33mhref[39m=[32m"/"[39m
        [36m>[39m
          [36m<span[39m
            [33maria-hidden[39m=[32m"true"[39m
            [33mclass[39m=[32m"brand-mark"[39m
          [36m>[39m
            [0mD1[0m
          [36m</span>[39m
          [36m<span>[39m
            [0mD1Env[0m
            [36m<small>[39m
              [0m机器人环境工作台[0m
            [36m</small>[39m
          [36m</span>[39m
        [36m</a>[39m
        [36m<div[39m
          [33mclass[39m=[32m"header-right"[39m
        [36m>[39m
          [36m<span[39m
            [33mclass[39m=[32m"local-label"[39m
          [36m>[39m
            [36m<i />[39m
            [0m 本地工作台[0m
          [36m</span>[39m
          [36m<span[39m
            [33mclass[39m=[32m"release-tag"[39m
          [36m>[39m
            [0mM3 · 软件部署与检查[0m
          [36m</span>[39m
        [36m</div>[39m
      [36m</header>[39m
      [36m<div[39m
        [33mclass[39m=[32m"mock-banner software-banner"[39m
        [33mdata-testid[39m=[32m"mode-watermark"[39m
      [36m>[39m
        [36m<span>[39m
          [0m真实软件测试 · Docker/ROS[0m
        [36m</span>[39m
        [36m<p>[39m
          [0m仅验证 CPU ROS 软件通信，未连接真机，未验证 D1 功能。[0m
        [36m</p>[39m
        [36m<strong>[39m
          [0m运动权限：未启用[0m
        [36m</strong>[39m
      [36m</div>[39m
      [36m<div[39m
        [33mclass[39m=[32m"workspace-title"[39m
      [36m>[39m
        [36m<div>[39m
          [36m<span[39m
            [33mclass[39m=[32m"eyebrow"[39m
          [36m>[39m
            [0mD1 ENVIRONMENT / FOUNDATION[0m
          [36m</span>[39m
          [36m<h2>[39m
            [0m把每一步，部署得明白。[0m
          [36m</h2>[39m
        [36m</div>[39m
        [36m<span[39m
          [33mclass[39m=[32m"workspace-version"[39m
        [36m>[39m
          [0m中文向导 [0m
          [36m<b>[39m
            [0m01[0m
          [36m</b>[39m
        [36m</span>[39m
      [36m</div>[39m
      [36m<nav[39m
        [33maria-label[39m=[32m"部署向导步骤"[39m
        [33mclass[39m=[32m"wizard-steps"[39m
      [36m>[39m
        [36m<button[39m
          [33maria-label[39m=[32m"1 使用方式"[39m
          [33mtype[39m=[32m"button"[39m
        [36m>[39m
          [36m<span[39m
            [33mclass[39m=[32m"step-number"[39m
          [36m>[39m
            [0m01[0m
          [36m</span>[39m
          [36m<span>[39m
            [0m使用方式[0m
          [36m</span>[39m
        [36m</button>[39m
        [36m<button[39m
          [33maria-label[39m=[32m"2 机器人配置"[39m
          [33mtype[39m=[32m"button"[39m
        [36m>[39m
          [36m<span[39m
            [33mclass[39m=[32m"step-number"[39m
          [36m>[39m
            [0m02[0m
          [36m</span>[39m
          [36m<span>[39m
            [0m机器人配置[0m
          [36m</span>[39m
        [36m</button>[39m
        [36m<button[39m
          [33maria-label[39m=[32m"3 执行电脑"[39m
          [33mtype[39m=[32m"button"[39m
        [36m>[39m
          [36m<span[39m
            [33mclass[39m=[32m"step-number"[39m
          [36m>[39m
            [0m03[0m
          [36m</span>[39m
          [36m<span>[39m
            [0m执行电脑[0m
          [36m</span>[39m
        [36m</button>[39m
        [36m<button[39m
          [33maria-label[39m=[32m"4 部署预览"[39m
          [33mtype[39m=[32m"button"[39m
        [36m>[39m
          [36m<span[39m
            [33mclass[39m=[32m"step-number"[39m
          [36m>[39m
            [0m04[0m
          [36m</span>[39m
          [36m<span>[39m
            [0m部署预览[0m
          [36m</span>[39m
        [36m</button>[39m
        [36m<button[39m
          [33maria-current[39m=[32m"step"[39m
          [33maria-label[39m=[32m"5 运行与结果"[39m
          [33mtype[39m=[32m"button"[39m
        [36m>[39m
          [36m<span[39m
            [33mclass[39m=[32m"step-number"[39m
          [36m>[39m
            [0m05[0m
          [36m</span>[39m
          [36m<span>[39m
            [0m运行与结果[0m
          [36m</span>[39m
        [36m</button>[39m
      [36m</nav>[39m
      [36m<div[39m
        [33mclass[39m=[32m"workspace-grid"[39m
      [36m>[39m
        [36m<main[39m
          [33mclass[39m=[32m"main-panel"[39m
        [36m>[39m
          [36m<div[39m
            [33mclass[39m=[32m"page-heading"[39m
          [36m>[39m
            [36m<span[39m
              [33mclass[39m=[32m"eyebrow"[39m
            [36m>[39m
              [0m05 / 结果[0m
            [36m</span>[39m
            [36m<h1>[39m
              [0m软件环境检查通过，未连接真机[0m
            [36m</h1>[39m
            [36m<p>[39m
              [0m状态来自服务端当前软件检查。页面每三秒读取；服务失效会撤销历史成功。[0m
            [36m</p>[39m
          [36m</div>[39m
          [36m<div[39m
            [33mclass[39m=[32m"job-summary  "[39m
          [36m>[39m
            [36m<span[39m
              [33maria-hidden[39m=[32m"true"[39m
              [33mclass[39m=[32m"result-symbol"[39m
            [36m>[39m
              [0m✓[0m
            [36m</span>[39m
            [36m<div>[39m
              [36m<div[39m
                [33mclass[39m=[32m"section-row"[39m
              [36m>[39m
                [36m<strong[39m
                  [33mdata-testid[39m=[32m"job-state"[39m
                [36m>[39m
                  [0mSUCCEEDED[0m
                [36m</strong>[39m
                [36m<span[39m
                  [33mclass[39m=[32m"tag software-tag"[39m
                [36m>[39m
                  [0m真实软件测试[0m
                  [0m / [0m
                  [0msoftware[0m
                [36m</span>[39m
              [36m</div>[39m
              [36m<p>[39m
                [0m作业 [0m
                [36m<span[39m
                  [33mclass[39m=[32m"mono"[39m
                  [33mdata-testid[39m=[32m"job-id"[39m
                [36m>[39m
                  [0msoftware-job-1[0m
                [36m</span>[39m
              [36m</p>[39m
              [36m<small>[39m
                [0m状态事件时间：[0m
                [0m2026-10-06T08:00:00Z[0m
              [36m</small>[39m
            [36m</div>[39m
          [36m</div>[39m
          [36m<div[39m
            [33mclass[39m=[32m"result-proof-grid"[39m
          [36m>[39m
            [36m<div>[39m
              [36m<span>[39m
                [0m软件执行[0m
              [36m</span>[39m
              [36m<strong>[39m
                [0mSUCCEEDED[0m
              [36m</strong>[39m
            [36m</div>[39m
            [36m<div>[39m
              [36m<span>[39m
                [0m真实 Docker[0m
              [36m</span>[39m
              [36m<strong>[39m
                [0m当前软件检查通过[0m
              [36m</strong>[39m
            [36m</div>[39m
            [36m<div>[39m
              [36m<span>[39m
                [0m真机数据[0m
              [36m</span>[39m
              [36m<strong>[39m
                [0mUNKNOWN[0m
              [36m</strong>[39m
            [36m</div>[39m
            [36m<div>[39m
              [36m<span>[39m
                [0m运动权限[0m
              [36m</span>[39m
              [36m<strong>[39m
                [0m未启用[0m
              [36m</strong>[39m
            [36m</div>[39m
          [36m</div>[39m
          [36m<div[39m
            [33mclass[39m=[32m"software-layers"[39m
          [36m>[39m
            [36m<section>[39m
              [36m<h3>[39m
                [0m工件核验记录[0m
              [36m</h3>[39m
              [36m<strong>[39m
                [0mUNKNOWN[0m
              [36m</strong>[39m
            [36m</section>[39m
            [36m<section>[39m
              [36m<h3>[39m
                [0m容器运行[0m
              [36m</h3>[39m
              [36m<strong>[39m
                [0mUNKNOWN / 已停止或待验证[0m
              [36m</strong>[39m
            [36m</section>[39m
            [36m<section>[39m
              [36m<h3>[39m
                [0mROS 软件消息[0m
              [36m</h3>[39m
              [36m<strong>[39m
                [0mUNKNOWN / 未就绪[0m
              [36m</strong>[39m
            [36m</section>[39m
            [36m<section>[39m
              [36m<h3>[39m
                [0mD1 功能[0m
              [36m</h3>[39m
              [36m<strong>[39m
                [0m未实施 / 未验证[0m
              [36m</strong>[39m
            [36m</section>[39m
          [36m</div>[39m
          [36m<section[39m
            [33mclass[39m=[32m"job-events"[39m
          [36m>[39m
            [36m<div[39m
              [33mclass[39m=[32m"section-row"[39m
            [36m>[39m
              [36m<h2>[39m
                [0m步骤与观测证据[0m
              [36m</h2>[39m
              [36m<span[39m
                [33mclass[39m=[32m"tag neutral-tag"[39m
              [36m>[39m
                [0m1[0m
                [0m 条事件[0m
              [36m</span>[39m
            [36m</div>[39m
            [36m<article>[39m
              [36m<div[39m
                [33mclass[39m=[32m"event-meta"[39m
              [36m>[39m
                [36m<span>[39m
                  [0m01[0m
                [36m</span>[39m
                [36m<strong>[39m
                  [0mverify[0m
                [36m</strong>[39m
                [36m<span>[39m
                  [0mdocker[0m
                  [0m · [0m
                  [0msoftware_test[0m
                [36m</span>[39m
                [36m<time>[39m
                  [0m2026-10-06T08:00:00Z[0m
                [36m</time>[39m
              [36m</div>[39m
              [36m<p[39m
                [33mclass[39m=[32m"event-message"[39m
              [36m>[39m
                [0m测试节点已接收新鲜 ROS 消息[0m
              [36m</p>[39m
              [36m<details>[39m
                [36m<summary>[39m
                  [0m检测证据[0m
                [36m</summary>[39m
                [36m<pre>[39m
                  [0m{
  "fresh_messages": true,
  "sample_count": 5
}[0m
                [36m</pre>[39m
              [36m</details>[39m
            [36m</article>[39m
          [36m</section>[39m
          [36m<div[39m
            [33mclass[39m=[32m"export-options"[39m
          [36m>[39m
            [36m<label>[39m
              [36m<input[39m
                [33mchecked[39m=[32m""[39m
                [33mtype[39m=[32m"checkbox"[39m
              [36m/>[39m
              [0m遮盖 IP / 序列号[0m
            [36m</label>[39m
            [36m<span>[39m
              [0m会话令牌、密钥等凭据始终去敏。[0m
            [36m</span>[39m
          [36m</div>[39m
          [36m<div[39m
            [33mclass[39m=[32m"job-actions"[39m
          [36m>[39m
            [36m<button[39m
              [33mclass[39m=[32m"secondary"[39m
              [33mtype[39m=[32m"button"[39m
            [36m>[39m
              [0m停止测试服务[0m
            [36m</button>[39m
            [36m<button[39m
              [33mclass[39m=[32m"secondary"[39m
              [33mtype[39m=[32m"button"[39m
            [36m>[39m
              [0m生成去敏诊断报告[0m
            [36m</button>[39m
          [36m</div>[39m
          [36m<p[39m
            [33mclass[39m=[32m"muted"[39m
          [36m>[39m
            [0m停止或取消只清理当前作业拥有的容器与网络，保留镜像及用户数据。[0m
            [0m软件停止请求不等于硬件急停。[0m
          [36m</p>[39m
        [36m</main>[39m
        [36m<aside[39m
          [33maria-label[39m=[32m"状态与证据"[39m
          [33mclass[39m=[32m"evidence-panel"[39m
        [36m>[39m
          [36m<div[39m
            [33mclass[39m=[32m"aside-heading"[39m
          [36m>[39m
            [36m<span[39m
              [33mclass[39m=[32m"eyebrow"[39m
            [36m>[39m
              [0mSTATUS & EVIDENCE[0m
            [36m</span>[39m
            [36m<h2>[39m
              [0m每一步，都有依据[0m
            [36m</h2>[39m
          [36m</div>[39m
          [36m<div[39m
            [33mclass[39m=[32m"scope-card"[39m
          [36m>[39m
            [36m<span[39m
              [33mclass[39m=[32m"tag software-tag"[39m
            [36m>[39m
              [0m软件测试[0m
            [36m</span>[39m
            [36m<p>[39m
              [0m当前作业范围[0m
            [36m</p>[39m
            [36m<strong[39m
              [33mdata-testid[39m=[32m"verified-scope"[39m
            [36m>[39m
              [0msoftware[0m
            [36m</strong>[39m
            [36m<small>[39m
              [0m仅检查 Docker/ROS 软件服务，不代表 D1 驱动、数据或运动已验证。[0m
            [36m</small>[39m
          [36m</div>[39m
          [36m<section[39m
            [33mclass[39m=[32m"evidence-section"[39m
          [36m>[39m
            [36m<div[39m
              [33mclass[39m=[32m"section-row"[39m
            [36m>[39m
              [36m<h3>[39m
                [0m真机遥测[0m
              [36m</h3>[39m
              [36m<span[39m
                [33mclass[39m=[32m"tag unknown-tag"[39m
                [33mdata-testid[39m=[32m"telemetry-state"[39m
              [36m>[39m
                [0mUNKNOWN[0m
              [36m</span>[39m
            [36m</div>[39m
            [36m<div[39m
              [33mclass[39m=[32m"telemetry-grid"[39m
            [36m>[39m
              [36m<div>[39m
                [36m<span>[39m
                  [0m电量[0m
                [36m</span>[39m
                [36m<strong[39m
                  [33mdata-testid[39m=[32m"battery-value"[39m
                [36m>[39m
                  [0m未知 [0m
                  [36m<small>[39m
                    [0mnull[0m
                  [36m</small>[39m
                [36m</strong>[39m
              [36m</div>[39m
              [36m<div>[39m
                [36m<span>[39m
                  [0m姿态[0m
                [36m</span>[39m
                [36m<strong[39m
                  [33mdata-testid[39m=[32m"pose-value"[39m
                [36m>[39m
                  [0m未知 [0m
                  [36m<small>[39m
                    [0mnull[0m
                  [36m</small>[39m
                [36m</strong>[39m
              [36m</div>[39m
            [36m</div>[39m
            [36m<p[39m
              [33mclass[39m=[32m"muted"[39m
            [36m>[39m
              [0m未连接机器人。缺失观测保持 null，不判断为正常。[0m
            [36m</p>[39m
            [36m<button[39m
              [33mclass[39m=[32m"motion-disabled"[39m
              [33mdisabled[39m=[32m""[39m
              [33mtype[39m=[32m"button"[39m
            [36m>[39m
              [0m运动控制未启用[0m
            [36m</button>[39m
          [36m</section>[39m
          [36m<section[39m
            [33mclass[39m=[32m"evidence-section"[39m
          [36m>[39m
            [36m<div[39m
              [33mclass[39m=[32m"section-row"[39m
            [36m>[39m
              [36m<h3>[39m
                [0m电脑检测[0m
              [36m</h3>[39m
              [36m<span[39m
                [33mclass[39m=[32m"tag neutral-tag"[39m
              [36m>[39m
                [0m待检测[0m
              [36m</span>[39m
            [36m</div>[39m
            [36m<p[39m
              [33mclass[39m=[32m"muted"[39m
            [36m>[39m
              [0m执行电脑信息将由后端获取。浏览器不会自报检测结果。[0m
            [36m</p>[39m
          [36m</section>[39m
          [36m<div[39m
            [33mclass[39m=[32m"boundary-note"[39m
          [36m>[39m
            [36m<span[39m
              [33maria-hidden[39m=[32m"true"[39m
            [36m>[39m
              [0m↳[0m
            [36m</span>[39m
            [36m<p>[39m
              [0m真实 CPU ROS 软件测试[0m
              [36m<br />[39m
              [36m<small>[39m
                [0m未接 SDK、未接真机、无运动指令[0m
              [36m</small>[39m
            [36m</p>[39m
          [36m</div>[39m
        [36m</aside>[39m
      [36m</div>[39m
      [36m<footer[39m
        [33mclass[39m=[32m"app-footer"[39m
      [36m>[39m
        [36m<span>[39m
          [0mD1Env / Foundation[0m
        [36m</span>[39m
        [36m<span>[39m
          [0m依据可查 · 范围明确 · 默认只读[0m
        [36m</span>[39m
        [36m<span>[39m
          [0m软件检查 ≠ D1 真机验证[0m
        [36m</span>[39m
      [36m</footer>[39m
    [36m</div>[39m
  [36m</div>[39m
[36m</body>[39m

Ignored nodes: comments, script, style
[36m<body>[39m
  [36m<div>[39m
    [36m<div[39m
      [33mclass[39m=[32m"app-shell"[39m
    [36m>[39m
      [36m<header[39m
        [33mclass[39m=[32m"app-header"[39m
      [36m>[39m
        [36m<a[39m
          [33maria-label[39m=[32m"D1Env 首页"[39m
          [33mclass[39m=[32m"brand"[39m
          [33mhref[39m=[32m"/"[39m
        [36m>[39m
          [36m<span[39m
            [33maria-hidden[39m=[32m"true"[39m
            [33mclass[39m=[32m"brand-mark"[39m
          [36m>[39m
            [0mD1[0m
          [36m</span>[39m
          [36m<span>[39m
            [0mD1Env[0m
            [36m<small>[39m
              [0m机器人环境工作台[0m
            [36m</small>[39m
          [36m</span>[39m
        [36m</a>[39m
        [36m<div[39m
          [33mclass[39m=[32m"header-right"[39m
        [36m>[39m
          [36m<span[39m
            [33mclass[39m=[32m"local-label"[39m
          [36m>[39m
            [36m<i />[39m
            [0m 本地工作台[0m
          [36m</span>[39m
          [36m<span[39m
            [33mclass[39m=[32m"release-tag"[39m
          [36m>[39m
            [0mM3 · 软件部署与检查[0m
          [36m</span>[39m
        [36m</div>[39m
      [36m</header>[39m
      [36m<div[39m
        [33mclass[39m=[32m"mock-banner software-banner"[39m
        [33mdata-testid[39m=[32m"mode-watermark"[39m
      [36m>[39m
        [36m<span>[39m
          [0m真实软件测试 · Docker/ROS[0m
        [36m</span>[39m
        [36m<p>[39m
          [0m仅验证 CPU ROS 软件通信，未连接真机，未验证 D1 功能。[0m
        [36m</p>[39m
        [36m<strong>[39m
          [0m运动权限：未启用[0m
        [36m</strong>[39m
      [36m</div>[39m
      [36m<div[39m
        [33mclass[39m=[32m"workspace-title"[39m
      [36m>[39m
        [36m<div>[39m
          [36m<span[39m
            [33mclass[39m=[32m"eyebrow"[39m
          [36m>[39m
            [0mD1 ENVIRONMENT / FOUNDATION[0m
          [36m</span>[39m
          [36m<h2>[39m
            [0m把每一步，部署得明白。[0m
          [36m</h2>[39m
        [36m</div>[39m
        [36m<span[39m
          [33mclass[39m=[32m"workspace-version"[39m
        [36m>[39m
          [0m中文向导 [0m
          [36m<b>[39m
            [0m01[0m
          [36m</b>[39m
        [36m</span>[39m
      [36m</div>[39m
      [36m<nav[39m
        [33maria-label[39m=[32m"部署向导步骤"[39m
        [33mclass[39m=[32m"wizard-steps"[39m
      [36m>[39m
        [36m<button[39m
          [33maria-label[39m=[32m"1 使用方式"[39m
          [33mtype[39m=[32m"button"[39m
        [36m>[39m
          [36m<span[39m
            [33mclass[39m=[32m"step-number"[39m
          [36m>[39m
            [0m01[0m
          [36m</span>[39m
          [36m<span>[39m
            [0m使用方式[0m
          [36m</span>[39m
        [36m</button>[39m
        [36m<button[39m
          [33maria-label[39m=[32m"2 机器人配置"[39m
          [33mtype[39m=[32m"button"[39m
        [36m>[39m
          [36m<span[39m
            [33mclass[39m=[32m"step-number"[39m
          [36m>[39m
            [0m02[0m
          [36m</span>[39m
          [36m<span>[39m
            [0m机器人配置[0m
          [36m</span>[39m
        [36m</button>[39m
        [36m<button[39m
          [33maria-label[39m=[32m"3 执行电脑"[39m
          [33mtype[39m=[32m"button"[39m
        [36m>[39m
          [36m<span[39m
            [33mclass[39m=[32m"step-number"[39m
          [36m>[39m
            [0m03[0m
          [36m</span>[39m
          [36m<span>[39m
            [0m执行电脑[0m
          [36m</span>[39m
        [36m</button>[39m
        [36m<button[39m
          [33maria-label[39m=[32m"4 部署预览"[39m
          [33mtype[39m=[32m"button"[39m
        [36m>[39m
          [36m<span[39m
            [33mclass[39m=[32m"step-number"[39m
          [36m>[39m
            [0m04[0m
          [36m</span>[39m
          [36m<span>[39m
            [0m部署预览[0m
          [36m</span>[39m
        [36m</button>[39m
        [36m<button[39m
          [33maria-current[39m=[32m"step"[39m
          [33maria-label[39m=[32m"5 运行与结果"[39m
          [33mtype[39m=[32m"button"[39m
        [36m>[39m
          [36m<span[39m
            [33mclass[39m=[32m"step-number"[39m
          [36m>[39m
            [0m05[0m
          [36m</span>[39m
          [36m<span>[39m
            [0m运行与结果[0m
          [36m</span>[39m
        [36m</button>[39m
      [36m</nav>[39m
      [36m<div[39m
        [33mclass[39m=[32m"workspace-grid"[39m
      [36m>[39m
        [36m<main[39m
          [33mclass[39m=[32m"main-panel"[39m
        [36m>[39m
          [36m<div[39m
            [33mclass[39m=[32m"page-heading"[39m
          [36m>[39m
            [36m<span[39m
              [33mclass[39m=[32m"eyebrow"[39m
            [36m>[39m
              [0m05 / 结果[0m
            [36m</span>[39m
            [36m<h1>[39m
              [0m软件环境检查通过，未连接真机[0m
            [36m</h1>[39m
            [36m<p>[39m
              [0m状态来自服务端当前软件检查。页面每三秒读取；服务失效会撤销历史成功。[0m
            [36m</p>[39m
          [36m</div>[39m
          [36m<div[39m
            [33mclass[39m=[32m"job-summary  "[39m
          [36m>[39m
            [36m<span[39m
              [33maria-hidden[39m=[32m"true"[39m
              [33mclass[39m=[32m"result-symbol"[39m
            [36m>[39m
              [0m✓[0m
            [36m</span>[39m
            [36m<div>[39m
              [36m<div[39m
                [33mclass[39m=[32m"section-row"[39m
              [36m>[39m
                [36m<strong[39m
                  [33mdata-testid[39m=[32m"job-state"[39m
                [36m>[39m
                  [0mSUCCEEDED[0m
                [36m</strong>[39m
                [36m<span[39m
                  [33mclass[39m=[32m"tag software-tag"[39m
                [36m>[39m
                  [0m真实软件测试[0m
                  [0m / [0m
                  [0msoftware[0m
                [36m</span>[39m
              [36m</div>[39m
              [36m<p>[39m
                [0m作业 [0m
                [36m<span[39m
                  [33mclass[39m=[32m"mono"[39m
                  [33mdata-testid[39m=[32m"job-id"[39m
                [36m>[39m
                  [0msoftware-job-1[0m
                [36m</span>[39m
              [36m</p>[39m
              [36m<small>[39m
                [0m状态事件时间：[0m
                [0m2026-10-06T08:00:00Z[0m
              [36m</small>[39m
            [36m</div>[39m
          [36m</div>[39m
          [36m<div[39m
            [33mclass[39m=[32m"result-proof-grid"[39m
          [36m>[39m
            [36m<div>[39m
              [36m<span>[39m
                [0m软件执行[0m
              [36m</span>[39m
              [36m<strong>[39m
                [0mSUCCEEDED[0m
              [36m</strong>[39m
            [36m</div>[39m
            [36m<div>[39m
              [36m<span>[39m
                [0m真实 Docker[0m
              [36m</span>[39m
              [36m<strong>[39m
                [0m当前软件检查通过[0m
              [36m</strong>[39m
            [36m</div>[39m
            [36m<div>[39m
              [36m<span>[39m
                [0m真机数据[0m
              [36m</span>[39m
              [36m<strong>[39m
                [0mUNKNOWN[0m
              [36m</strong>[39m
            [36m</div>[39m
            [36m<div>[39m
              [36m<span>[39m
                [0m运动权限[0m
              [36m</span>[39m
              [36m<strong>[39m
                [0m未启用[0m
              [36m</strong>[39m
            [36m</div>[39m
          [36m</div>[39m
          [36m<div[39m
            [33mclass[39m=[32m"software-layers"[39m
          [36m>[39m
            [36m<section>[39m
              [36m<h3>[39m
                [0m工件核验记录[0m
              [36m</h3>[39m
              [36m<strong>[39m
                [0mUNKNOWN[0m
              [36m</strong>[39m
            [36m</section>[39m
            [36m<section>[39m
              [36m<h3>[39m
                [0m容器运行[0m
              [36m</h3>[39m
              [36m<strong>[39m
                [0mUNKNOWN / 已停止或待验证[0m
              [36m</strong>[39m
            [36m</section>[39m
            [36m<section>[39m
              [36m<h3>[39m
                [0mROS 软件消息[0m
              [36m</h3>[39m
              [36m<strong>[39m
                [0mUNKNOWN / 未就绪[0m
              [36m</strong>[39m
            [36m</section>[39m
            [36m<section>[39m
              [36m<h3>[39m
                [0mD1 功能[0m
              [36m</h3>[39m
              [36m<strong>[39m
                [0m未实施 / 未验证[0m
              [36m</strong>[39m
            [36m</section>[39m
          [36m</div>[39m
          [36m<section[39m
            [33mclass[39m=[32m"job-events"[39m
          [36m>[39m
            [36m<div[39m
              [33mclass[39m=[32m"section-row"[39m
            [36m>[39m
              [36m<h2>[39m
                [0m步骤与观测证据[0m
              [36m</h2>[39m
              [36m<span[39m
                [33mclass[39m=[32m"tag neutral-tag"[39m
              [36m>[39m
                [0m1[0m
                [0m 条事件[0m
              [36m</span>[39m
            [36m</div>[39m
            [36m<article>[39m
              [36m<div[39m
                [33mclass[39m=[32m"event-meta"[39m
              [36m>[39m
                [36m<span>[39m
                  [0m01[0m
                [36m</span>[39m
                [36m<strong>[39m
                  [0mverify[0m
                [36m</strong>[39m
                [36m<span>[39m
                  [0mdocker[0m
                  [0m · [0m
                  [0msoftware_test[0m
                [36m</span>[39m
                [36m<time>[39m
                  [0m2026-10-06T08:00:00Z[0m
                [36m</time>[39m
              [36m</div>[39m
              [36m<p[39m
                [33mclass[39m=[32m"event-message"[39m
              [36m>[39m
                [0m测试节点已接收新鲜 ROS 消息[0m
              [36m</p>[39m
              [36m<details>[39m
                [36m<summary>[39m
                  [0m检测证据[0m
                [36m</summary>[39m
                [36m<pre>[39m
                  [0m{
  "fresh_messages": true,
  "sample_count": 5
}[0m
                [36m</pre>[39m
              [36m</details>[39m
            [36m</article>[39m
          [36m</section>[39m
          [36m<div[39m
            [33mclass[39m=[32m"export-options"[39m
          [36m>[39m
            [36m<label>[39m
              [36m<input[39m
                [33mchecked[39m=[32m""[39m
                [33mtype[39m=[32m"checkbox"[39m
              [36m/>[39m
              [0m遮盖 IP / 序列号[0m
            [36m</label>[39m
            [36m<span>[39m
              [0m会话令牌、密钥等凭据始终去敏。[0m
            [36m</span>[39m
          [36m</div>[39m
          [36m<div[39m
            [33mclass[39m=[32m"job-actions"[39m
          [36m>[39m
            [36m<button[39m
              [33mclass[39m=[32m"secondary"[39m
              [33mtype[39m=[32m"button"[39m
            [36m>[39m
              [0m停止测试服务[0m
            [36m</button>[39m
            [36m<button[39m
              [33mclass[39m=[32m"secondary"[39m
              [33mtype[39m=[32m"button"[39m
            [36m>[39m
              [0m生成去敏诊断报告[0m
            [36m</button>[39m
          [36m</div>[39m
          [36m<p[39m
            [33mclass[39m=[32m"muted"[39m
          [36m>[39m
            [0m停止或取消只清理当前作业拥有的容器与网络，保留镜像及用户数据。[0m
            [0m软件停止请求不等于硬件急停。[0m
          [36m</p>[39m
        [36m</main>[39m
        [36m<aside[39m
          [33maria-label[39m=[32m"状态与证据"[39m
          [33mclass[39m=[32m"evidence-panel"[39m
        [36m>[39m
          [36m<div[39m
            [33mclass[39m=[32m"aside-heading"[39m
          [36m>[39m
            [36m<span[39m
              [33mclass[39m=[32m"eyebrow"[39m
            [36m>[39m
              [0mSTATUS & EVIDENCE[0m
            [36m</span>[39m
            [36m<h2>[39m
              [0m每一步，都有依据[0m
            [36m</h2>[39m
          [36m</div>[39m
          [36m<div[39m
            [33mclass[39m=[32m"scope-card"[39m
          [36m>[39m
            [36m<span[39m
              [33mclass[39m=[32m"tag software-tag"[39m
            [36m>[39m
              [0m软件测试[0m
            [36m</span>[39m
            [36m<p>[39m
              [0m当前作业范围[0m
            [36m</p>[39m
            [36m<strong[39m
              [33mdata-testid[39m=[32m"verified-scope"[39m
            [36m>[39m
              [0msoftware[0m
            [36m</strong>[39m
            [36m<small>[39m
              [0m仅检查 Docker/ROS 软件服务，不代表 D1 驱动、数据或运动已验证。[0m
            [36m</small>[39m
          [36m</div>[39m
          [36m<section[39m
            [33mclass[39m=[32m"evidence-section"[39m
          [36m>[39m
            [36m<div[39m
              [33mclass[39m=[32m"section-row"[39m
            [36m>[39m
              [36m<h3>[39m
                [0m真机遥测[0m
              [36m</h3>[39m
              [36m<span[39m
                [33mclass[39m=[32m"tag unknown-tag"[39m
                [33mdata-testid[39m=[32m"telemetry-state"[39m
              [36m>[39m
                [0mUNKNOWN[0m
              [36m</span>[39m
            [36m</div>[39m
            [36m<div[39m
              [33mclass[39m=[32m"telemetry-grid"[39m
            [36m>[39m
              [36m<div>[39m
                [36m<span>[39m
                  [0m电量[0m
                [36m</span>[39m
                [36m<strong[39m
                  [33mdata-testid[39m=[32m"battery-value"[39m
                [36m>[39m
                  [0m未知 [0m
                  [36m<small>[39m
                    [0mnull[0m
                  [36m</small>[39m
                [36m</strong>[39m
              [36m</div>[39m
              [36m<div>[39m
                [36m<span>[39m
                  [0m姿态[0m
                [36m</span>[39m
                [36m<strong[39m
                  [33mdata-testid[39m=[32m"pose-value"[39m
                [36m>[39m
                  [0m未知 [0m
                  [36m<small>[39m
                    [0mnull[0m
                  [36m</small>[39m
                [36m</strong>[39m
              [36m</div>[39m
            [36m</div>[39m
            [36m<p[39m
              [33mclass[39m=[32m"muted"[39m
            [36m>[39m
              [0m未连接机器人。缺失观测保持 null，不判断为正常。[0m
            [36m</p>[39m
            [36m<button[39m
              [33mclass[39m=[32m"motion-disabled"[39m
              [33mdisabled[39m=[32m""[39m
              [33mtype[39m=[32m"button"[39m
            [36m>[39m
              [0m运动控制未启用[0m
            [36m</button>[39m
          [36m</section>[39m
          [36m<section[39m
            [33mclass[39m=[32m"evidence-section"[39m
          [36m>[39m
            [36m<div[39m
              [33mclass[39m=[32m"section-row"[39m
            [36m>[39m
              [36m<h3>[39m
                [0m电脑检测[0m
              [36m</h3>[39m
              [36m<span[39m
                [33mclass[39m=[32m"tag neutral-tag"[39m
              [36m>[39m
                [0m待检测[0m
              [36m</span>[39m
            [36m</div>[39m
            [36m<p[39m
              [33mclass[39m=[32m"muted"[39m
            [36m>[39m
              [0m执行电脑信息将由后端获取。浏览器不会自报检测结果。[0m
            [36m</p>[39m
          [36m</section>[39m
          [36m<div[39m
            [33mclass[39m=[32m"boundary-note"[39m
          [36m>[39m
            [36m<span[39m
              [33maria-hidden[39m=[32m"true"[39m
            [36m>[39m
              [0m↳[0m
            [36m</span>[39m
            [36m<p>[39m
              [0m真实 CPU ROS 软件测试[0m
              [36m<br />[39m
              [36m<small>[39m
                [0m未接 SDK、未接真机、无运动指令[0m
              [36m</small>[39m
            [36m</p>[39m
          [36m</div>[39m
        [36m</aside>[39m
      [36m</div>[39m
      [36m<footer[39m
        [33mclass[39m=[32m"app-footer"[39m
      [36m>[39m
        [36m<span>[39m
          [0mD1Env / Foundation[0m
        [36m</span>[39m
        [36m<span>[39m
          [0m依据可查 · 范围明确 · 默认只读[0m
        [36m</span>[39m
        [36m<span>[39m
          [0m软件检查 ≠ D1 真机验证[0m
        [36m</span>[39m
      [36m</footer>[39m
    [36m</div>[39m
  [36m</div>[39m
[36m</body>[39m
 ❯ waitForWrapper node_modules/@testing-library/dom/dist/wait-for.js:163:27
 ❯ node_modules/@testing-library/dom/dist/query-helpers.js:86:33
 ❯ tests/unit/SoftwareApp.test.tsx:146:25
    144|     responseJob = { ...softwareJob, current_software_ready: null, curr…
    145|     render(<App />);
    146|     expect(await screen.findByRole('heading', { name: '部署曾完成，当前软件状态未知'…
       |                         ^
    147|     expect(document.querySelector('.result-symbol')).not.toHaveTextCon…
    148|     expect(screen.getByText('TARGET_BUSY')).toBeVisible();

⎯⎯⎯⎯⎯⎯⎯⎯⎯⎯⎯⎯⎯⎯⎯⎯⎯⎯⎯⎯⎯⎯⎯⎯[1/1]⎯


 Test Files  1 failed | 1 passed (2)
      Tests  1 failed | 18 passed (19)
   Start at  01:59:10
   Duration  1.84s (tests 69%, environment 18%, setup 5%, transform 5%, import 2%)

